
Optional file libmchp_peripheral.a not found

Optional file libmchp_peripheral_32MX320F128H.a not found
Archive member included to satisfy reference by file (symbol)

/Applications/microchip/xc32/v3.01/bin/bin/../../lib/gcc/pic32mx/8.3.1/libgcc.a(floatunsisf.o)
                              build/default/production/AD.o (__floatunsisf)
/Applications/microchip/xc32/v3.01/bin/bin/../../lib/gcc/pic32mx/8.3.1/../../../../pic32mx/lib/libpic32.a(default-bootstrap-exception-handler.o)
                              /var/folders/37/023rk5zd0csb77b7kn9ljttm0000gq/T//ccfLbQt4.o (_bootstrap_exception_handler)
/Applications/microchip/xc32/v3.01/bin/bin/../../lib/gcc/pic32mx/8.3.1/../../../../pic32mx/lib/libpic32.a(default-on-reset.o)
                              /var/folders/37/023rk5zd0csb77b7kn9ljttm0000gq/T//ccfLbQt4.o (_on_reset)
/Applications/microchip/xc32/v3.01/bin/bin/../../lib/gcc/pic32mx/8.3.1/../../../../pic32mx/lib/libpic32.a(default-on-bootstrap.o)
                              /var/folders/37/023rk5zd0csb77b7kn9ljttm0000gq/T//ccfLbQt4.o (_on_bootstrap)
/Applications/microchip/xc32/v3.01/bin/bin/../../lib/gcc/pic32mx/8.3.1/../../../../pic32mx/lib/libpic32.a(default-nmi-handler.o)
                              /var/folders/37/023rk5zd0csb77b7kn9ljttm0000gq/T//ccfLbQt4.o (_nmi_handler)
/Applications/microchip/xc32/v3.01/bin/bin/../../lib/gcc/pic32mx/8.3.1/../../../../pic32mx/lib/libpic32.a(pic32_data_init.o)
                              /var/folders/37/023rk5zd0csb77b7kn9ljttm0000gq/T//ccfLbQt4.o (__pic32_data_init)
/Applications/microchip/xc32/v3.01/bin/bin/../../lib/gcc/pic32mx/8.3.1/../../../../pic32mx/lib/libpic32.a(general-exception.o)
                              /var/folders/37/023rk5zd0csb77b7kn9ljttm0000gq/T//ccfLbQt4.o (_general_exception_context)
/Applications/microchip/xc32/v3.01/bin/bin/../../lib/gcc/pic32mx/8.3.1/../../../../pic32mx/lib/libpic32.a(vector0.o)
                              /var/folders/37/023rk5zd0csb77b7kn9ljttm0000gq/T//cc42DP4Q.o (__vector_dispatch_0)
/Applications/microchip/xc32/v3.01/bin/bin/../../lib/gcc/pic32mx/8.3.1/../../../../pic32mx/lib/libpic32.a(vector1.o)
                              /var/folders/37/023rk5zd0csb77b7kn9ljttm0000gq/T//cc42DP4Q.o (__vector_dispatch_1)
/Applications/microchip/xc32/v3.01/bin/bin/../../lib/gcc/pic32mx/8.3.1/../../../../pic32mx/lib/libpic32.a(vector2.o)
                              /var/folders/37/023rk5zd0csb77b7kn9ljttm0000gq/T//cc42DP4Q.o (__vector_dispatch_2)
/Applications/microchip/xc32/v3.01/bin/bin/../../lib/gcc/pic32mx/8.3.1/../../../../pic32mx/lib/libpic32.a(vector3.o)
                              /var/folders/37/023rk5zd0csb77b7kn9ljttm0000gq/T//cc42DP4Q.o (__vector_dispatch_3)
/Applications/microchip/xc32/v3.01/bin/bin/../../lib/gcc/pic32mx/8.3.1/../../../../pic32mx/lib/libpic32.a(vector5.o)
                              /var/folders/37/023rk5zd0csb77b7kn9ljttm0000gq/T//cc42DP4Q.o (__vector_dispatch_5)
/Applications/microchip/xc32/v3.01/bin/bin/../../lib/gcc/pic32mx/8.3.1/../../../../pic32mx/lib/libpic32.a(vector6.o)
                              /var/folders/37/023rk5zd0csb77b7kn9ljttm0000gq/T//cc42DP4Q.o (__vector_dispatch_6)
/Applications/microchip/xc32/v3.01/bin/bin/../../lib/gcc/pic32mx/8.3.1/../../../../pic32mx/lib/libpic32.a(vector7.o)
                              /var/folders/37/023rk5zd0csb77b7kn9ljttm0000gq/T//cc42DP4Q.o (__vector_dispatch_7)
/Applications/microchip/xc32/v3.01/bin/bin/../../lib/gcc/pic32mx/8.3.1/../../../../pic32mx/lib/libpic32.a(vector8.o)
                              /var/folders/37/023rk5zd0csb77b7kn9ljttm0000gq/T//cc42DP4Q.o (__vector_dispatch_8)
/Applications/microchip/xc32/v3.01/bin/bin/../../lib/gcc/pic32mx/8.3.1/../../../../pic32mx/lib/libpic32.a(vector9.o)
                              /var/folders/37/023rk5zd0csb77b7kn9ljttm0000gq/T//cc42DP4Q.o (__vector_dispatch_9)
/Applications/microchip/xc32/v3.01/bin/bin/../../lib/gcc/pic32mx/8.3.1/../../../../pic32mx/lib/libpic32.a(vector10.o)
                              /var/folders/37/023rk5zd0csb77b7kn9ljttm0000gq/T//cc42DP4Q.o (__vector_dispatch_10)
/Applications/microchip/xc32/v3.01/bin/bin/../../lib/gcc/pic32mx/8.3.1/../../../../pic32mx/lib/libpic32.a(vector11.o)
                              /var/folders/37/023rk5zd0csb77b7kn9ljttm0000gq/T//cc42DP4Q.o (__vector_dispatch_11)
/Applications/microchip/xc32/v3.01/bin/bin/../../lib/gcc/pic32mx/8.3.1/../../../../pic32mx/lib/libpic32.a(vector12.o)
                              /var/folders/37/023rk5zd0csb77b7kn9ljttm0000gq/T//cc42DP4Q.o (__vector_dispatch_12)
/Applications/microchip/xc32/v3.01/bin/bin/../../lib/gcc/pic32mx/8.3.1/../../../../pic32mx/lib/libpic32.a(vector13.o)
                              /var/folders/37/023rk5zd0csb77b7kn9ljttm0000gq/T//cc42DP4Q.o (__vector_dispatch_13)
/Applications/microchip/xc32/v3.01/bin/bin/../../lib/gcc/pic32mx/8.3.1/../../../../pic32mx/lib/libpic32.a(vector14.o)
[...]
Memory Configuration

Name             Origin             Length             Attributes
kseg0_program_mem 0x000000009d002000 0x000000000001d000 xr
kseg0_boot_mem   0x000000009d000490 0x0000000000000970
exception_mem    0x000000009d001000 0x0000000000001000
kseg1_boot_mem   0x00000000bd000000 0x0000000000000490
debug_exec_mem   0x00000000bfc02000 0x0000000000000ff0
config3          0x00000000bfc02ff0 0x0000000000000004
config2          0x00000000bfc02ff4 0x0000000000000004
config1          0x00000000bfc02ff8 0x0000000000000004
config0          0x00000000bfc02ffc 0x0000000000000004
kseg1_data_mem   0x00000000a0000000 0x0000000000004000 w !x
sfrs             0x00000000bf800000 0x0000000000100000
configsfrs       0x00000000bfc02ff0 0x0000000000000010
*default*        0x0000000000000000 0xffffffffffffffff

Linker script and memory map

LOAD /Applications/microchip/xc32/v3.01/bin/bin/../../lib/gcc/pic32mx/8.3.1/../../../../pic32mx/lib/debug-exception-return.o
LOAD build/default/production/TemplateES_Main.o
LOAD build/default/production/TemplateEventChecker.o
LOAD build/default/production/TemplateFSM.o
LOAD build/default/production/TemplateHSM.o
LOAD build/default/production/TemplateService.o
LOAD build/default/production/TemplateSubHSM.o
LOAD build/default/production/AD.o
LOAD build/default/production/BOARD.o
LOAD build/default/production/ES_CheckEvents.o
LOAD build/default/production/ES_Framework.o
LOAD build/default/production/ES_KeyboardInput.o
LOAD build/default/production/ES_PostList.o
LOAD build/default/production/ES_Queue.o
LOAD build/default/production/ES_TattleTale.o
LOAD build/default/production/ES_Timers.o
LOAD build/default/production/IO_Ports.o
LOAD build/default/production/LED.o
LOAD build/default/production/pwm.o
LOAD build/default/production/RC_Servo.o
LOAD build/default/production/roach.o
LOAD build/default/production/serial.o
LOAD build/default/production/timers.o
                0x0000000000000001                __MPLAB_BUILD = 0x1
                0x0000000000000400                PROVIDE (_min_stack_size = 0x400)
START GROUP
LOAD libmchp_peripheral.a
END GROUP
START GROUP
LOAD libmchp_peripheral_32MX320F128H.a
END GROUP
                0x0000000000000001                PROVIDE (_vector_spacing = 0x1)
                0x000000009d001000                _ebase_address = 0x9d001000
                0x00000000bd000000                _RESET_ADDR = 0xbd000000
                0x00000000bd000380                _BEV_EXCPT_ADDR = 0xbd000380
                0x00000000bd000480                _DBG_EXCPT_ADDR = 0xbd000480
                0x00000000bfc02000                _DBG_CODE_ADDR = 0xbfc02000
                0x0000000000000ff0                _DBG_CODE_SIZE = 0xff0
                0x000000009d001180                _GEN_EXCPT_ADDR = (_ebase_address + 0x180)

.config_BFC02FF0
 *(.config_BFC02FF0)

.config_BFC02FF4
 *(.config_BFC02FF4)

.config_BFC02FF8
 *(.config_BFC02FF8)

.config_BFC02FFC
 *(.config_BFC02FFC)
                [!provide]                        PROVIDE (_DBG_CODE_ADDR = 0xbfc02000)
                [!provide]                        PROVIDE (_DBG_CODE_SIZE = 0xff0)

.reset          0x00000000bd000000      0x19c
 *(.reset)
 .reset         0x00000000bd000000        0x8 /var/folders/37/023rk5zd0csb77b7kn9ljttm0000gq/T//ccfLbQt4.o
                0x00000000bd000000                _reset
 *(.reset.startup)
 .reset.startup
                0x00000000bd000008      0x194 /var/folders/37/023rk5zd0csb77b7kn9ljttm0000gq/T//ccfLbQt4.o
                0x00000000bd000008                _startup

.bev_excpt      0x00000000bd000380       0x10
 *(.bev_handler)
 .bev_handler   0x00000000bd000380       0x10 /var/folders/37/023rk5zd0csb77b7kn9ljttm0000gq/T//ccfLbQt4.o

.dbg_excpt      0x00000000bd000480        0x0
                0x00000000bd000480                . = (. + DEFINED (_DEBUGGER)?0x8:0x0)

.dbg_code       0x00000000bfc02000        0x0
                0x00000000bfc02000                . = (. + DEFINED (_DEBUGGER)?_DBG_CODE_SIZE:0x0)

.app_excpt      0x000000009d001180       0x10
 *(.gen_handler)
 .gen_handler   0x000000009d001180       0x10 /var/folders/37/023rk5zd0csb77b7kn9ljttm0000gq/T//ccfLbQt4.o

.vector_0       0x000000009d001200        0x8
 *(.vector_0)
 .vector_0      0x000000009d001200        0x8 /Applications/microchip/xc32/v3.01/bin/bin/../../lib/gcc/pic32mx/8.3.1/../../../../pic32mx/lib/libpic32.a(vector0.o)
                0x000000009d001200                __vector_dispatch_0
                0x0000000000000001                ASSERT (((_vector_spacing == 0x0) || (SIZEOF (.vector_0) <= (_vector_spacing << 0x5))), function at exception vector 0 too large)

.vector_1       0x000000009d001220        0x8
 *(.vector_1)
 .vector_1      0x000000009d001220        0x8 /Applications/microchip/xc32/v3.01/bin/bin/../../lib/gcc/pic32mx/8.3.1/../../../../pic32mx/lib/libpic32.a(vector1.o)
                0x000000009d001220                __vector_dispatch_1
                0x0000000000000001                ASSERT (((_vector_spacing == 0x0) || (SIZEOF (.vector_1) <= (_vector_spacing << 0x5))), function at exception vector 1 too large)

.vector_2       0x000000009d001240        0x8
 *(.vector_2)
 .vector_2      0x000000009d001240        0x8 /Applications/microchip/xc32/v3.01/bin/bin/../../lib/gcc/pic32mx/8.3.1/../../../../pic32mx/lib/libpic32.a(vector2.o)
                0x000000009d001240                __vector_dispatch_2
                0x0000000000000001                ASSERT (((_vector_spacing == 0x0) || (SIZEOF (.vector_2) <= (_vector_spacing << 0x5))), function at exception vector 2 too large)

.vector_3       0x000000009d001260        0x8
 *(.vector_3)
 .vector_3      0x000000009d001260        0x8 /Applications/microchip/xc32/v3.01/bin/bin/../../lib/gcc/pic32mx/8.3.1/../../../../pic32mx/lib/libpic32.a(vector3.o)
                0x000000009d001260                __vector_dispatch_3
                0x0000000000000001                ASSERT (((_vector_spacing == 0x0) || (SIZEOF (.vector_3) <= (_vector_spacing << 0x5))), function at exception vector 3 too large)

.vector_4       0x000000009d001280        0x8
 *(.vector_4)
 .vector_4      0x000000009d001280        0x8 build/default/production/ES_Timers.o
                0x000000009d001280                __vector_dispatch_4
                0x0000000000000001                ASSERT (((_vector_spacing == 0x0) || (SIZEOF (.vector_4) <= (_vector_spacing << 0x5))), function at exception vector 4 too large)

.vector_5       0x000000009d0012a0        0x8
 *(.vector_5)
 .vector_5      0x000000009d0012a0        0x8 /Applications/microchip/xc32/v3.01/bin/bin/../../lib/gcc/pic32mx/8.3.1/../../../../pic32mx/lib/libpic32.a(vector5.o)
                0x000000009d0012a0                __vector_dispatch_5
                0x0000000000000001                ASSERT (((_vector_spacing == 0x0) || (SIZEOF (.vector_5) <= (_vector_spacing << 0x5))), function at exception vector 5 too large)

.vector_6       0x000000009d0012c0        0x8
 *(.vector_6)
 .vector_6      0x000000009d0012c0        0x8 /Applications/microchip/xc32/v3.01/bin/bin/../../lib/gcc/pic32mx/8.3.1/../../../../pic32mx/lib/libpic32.a(vector6.o)
                0x000000009d0012c0                __vector_dispatch_6
                0x0000000000000001                ASSERT (((_vector_spacing == 0x0) || (SIZEOF (.vector_6) <= (_vector_spacing << 0x5))), function at exception vector 6 too large)

.vector_7       0x000000009d0012e0        0x8
 *(.vector_7)
 .vector_7      0x000000009d0012e0        0x8 /Applications/microchip/xc32/v3.01/bin/bin/../../lib/gcc/pic32mx/8.3.1/../../../../pic32mx/lib/libpic32.a(vector7.o)
                0x000000009d0012e0                __vector_dispatch_7
                0x0000000000000001                ASSERT (((_vector_spacing == 0x0) || (SIZEOF (.vector_7) <= (_vector_spacing << 0x5))), function at exception vector 7 too large)

.vector_8       0x000000009d001300        0x8
 *(.vector_8)
 .vector_8      0x000000009d001300        0x8 /Applications/microchip/xc32/v3.01/bin/bin/../../lib/gcc/pic32mx/8.3.1/../../../../pic32mx/lib/libpic32.a(vector8.o)
                0x000000009d001300                __vector_dispatch_8
                0x0000000000000001                ASSERT (((_vector_spacing == 0x0) || (SIZEOF (.vector_8) <= (_vector_spacing << 0x5))), function at exception vector 8 too large)

.vector_9       0x000000009d001320        0x8
 *(.vector_9)
 .vector_9      0x000000009d001320        0x8 /Applications/microchip/xc32/v3.01/bin/bin/../../lib/gcc/pic32mx/8.3.1/../../../../pic32mx/lib/libpic32.a(vector9.o)
                0x000000009d001320                __vector_dispatch_9
                0x0000000000000001                ASSERT (((_vector_spacing == 0x0) || (SIZEOF (.vector_9) <= (_vector_spacing << 0x5))), function at exception vector 9 too large)

.vector_10      0x000000009d001340        0x8
 *(.vector_10)
 .vector_10     0x000000009d001340        0x8 /Applications/microchip/xc32/v3.01/bin/bin/../../lib/gcc/pic32mx/8.3.1/../../../../pic32mx/lib/libpic32.a(vector10.o)
                0x000000009d001340                __vector_dispatch_10
                0x0000000000000001                ASSERT (((_vector_spacing == 0x0) || (SIZEOF (.vector_10) <= (_vector_spacing << 0x5))), function at exception vector 10 too large)

.vector_11      0x000000009d001360        0x8
 *(.vector_11)
 .vector_11     0x000000009d001360        0x8 /Applications/microchip/xc32/v3.01/bin/bin/../../lib/gcc/pic32mx/8.3.1/../../../../pic32mx/lib/libpic32.a(vector11.o)
                0x000000009d001360                __vector_dispatch_11
                0x0000000000000001                ASSERT (((_vector_spacing == 0x0) || (SIZEOF (.vector_11) <= (_vector_spacing << 0x5))), function at exception vector 11 too large)

.vector_12      0x000000009d001380        0x8
 *(.vector_12)
 .vector_12     0x000000009d001380        0x8 /Applications/microchip/xc32/v3.01/bin/bin/../../lib/gcc/pic32mx/8.3.1/../../../../pic32mx/lib/libpic32.a(vector12.o)
                0x000000009d001380                __vector_dispatch_12
                0x0000000000000001                ASSERT (((_vector_spacing == 0x0) || (SIZEOF (.vector_12) <= (_vector_spacing << 0x5))), function at exception vector 12 too large)

.vector_13      0x000000009d0013a0        0x8
 *(.vector_13)
 .vector_13     0x000000009d0013a0        0x8 /Applications/microchip/xc32/v3.01/bin/bin/../../lib/gcc/pic32mx/8.3.1/../../../../pic32mx/lib/libpic32.a(vector13.o)
                0x000000009d0013a0                __vector_dispatch_13
                0x0000000000000001                ASSERT (((_vector_spacing == 0x0) || (SIZEOF (.vector_13) <= (_vector_spacing << 0x5))), function at exception vector 13 too large)

.vector_14      0x000000009d0013c0        0x8
 *(.vector_14)
 .vector_14     0x000000009d0013c0        0x8 /Applications/microchip/xc32/v3.01/bin/bin/../../lib/gcc/pic32mx/8.3.1/../../../../pic32mx/lib/libpic32.a(vector14.o)
                0x000000009d0013c0                __vector_dispatch_14
                0x0000000000000001                ASSERT (((_vector_spacing == 0x0) || (SIZEOF (.vector_14) <= (_vector_spacing << 0x5))), function at exception vector 14 too large)

.vector_15      0x000000009d0013e0        0x8
 *(.vector_15)
 .vector_15     0x000000009d0013e0        0x8 /Applications/microchip/xc32/v3.01/bin/bin/../../lib/gcc/pic32mx/8.3.1/../../../../pic32mx/lib/libpic32.a(vector15.o)
                0x000000009d0013e0                __vector_dispatch_15
                0x0000000000000001                ASSERT (((_vector_spacing == 0x0) || (SIZEOF (.vector_15) <= (_vector_spacing << 0x5))), function at exception vector 15 too large)

.vector_16      0x000000009d001400        0x8
 *(.vector_16)
 .vector_16     0x000000009d001400        0x8 build/default/production/RC_Servo.o
                0x000000009d001400                __vector_dispatch_16
                0x0000000000000001                ASSERT (((_vector_spacing == 0x0) || (SIZEOF (.vector_16) <= (_vector_spacing << 0x5))), function at exception vector 16 too large)

.vector_17      0x000000009d001420        0x8
 *(.vector_17)
 .vector_17     0x000000009d001420        0x8 /Applications/microchip/xc32/v3.01/bin/bin/../../lib/gcc/pic32mx/8.3.1/../../../../pic32mx/lib/libpic32.a(vector17.o)
                0x000000009d001420                __vector_dispatch_17
                0x0000000000000001                ASSERT (((_vector_spacing == 0x0) || (SIZEOF (.vector_17) <= (_vector_spacing << 0x5))), function at exception vector 17 too large)

.vector_18      0x000000009d001440        0x8
 *(.vector_18)
 .vector_18     0x000000009d001440        0x8 /Applications/microchip/xc32/v3.01/bin/bin/../../lib/gcc/pic32mx/8.3.1/../../../../pic32mx/lib/libpic32.a(vector18.o)
                0x000000009d001440                __vector_dispatch_18
                0x0000000000000001                ASSERT (((_vector_spacing == 0x0) || (SIZEOF (.vector_18) <= (_vector_spacing << 0x5))), function at exception vector 18 too large)

.vector_19      0x000000009d001460        0x8
 *(.vector_19)
 .vector_19     0x000000009d001460        0x8 /Applications/microchip/xc32/v3.01/bin/bin/../../lib/gcc/pic32mx/8.3.1/../../../../pic32mx/lib/libpic32.a(vector19.o)
                0x000000009d001460                __vector_dispatch_19
                0x0000000000000001                ASSERT (((_vector_spacing == 0x0) || (SIZEOF (.vector_19) <= (_vector_spacing << 0x5))), function at exception vector 19 too large)

.vector_20      0x000000009d001480        0x8
 *(.vector_20)
 .vector_20     0x000000009d001480        0x8 build/default/production/timers.o
                0x000000009d001480                __vector_dispatch_20
                0x0000000000000001                ASSERT (((_vector_spacing == 0x0) || (SIZEOF (.vector_20) <= (_vector_spacing << 0x5))), function at exception vector 20 too large)

.vector_21      0x000000009d0014a0        0x8
 *(.vector_21)
 .vector_21     0x000000009d0014a0        0x8 /Applications/microchip/xc32/v3.01/bin/bin/../../lib/gcc/pic32mx/8.3.1/../../../../pic32mx/lib/libpic32.a(vector21.o)
                0x000000009d0014a0                __vector_dispatch_21
                0x0000000000000001                ASSERT (((_vector_spacing == 0x0) || (SIZEOF (.vector_21) <= (_vector_spacing << 0x5))), function at exception vector 21 too large)

.vector_22      0x000000009d0014c0        0x8
 *(.vector_22)
 .vector_22     0x000000009d0014c0        0x8 /Applications/microchip/xc32/v3.01/bin/bin/../../lib/gcc/pic32mx/8.3.1/../../../../pic32mx/lib/libpic32.a(vector22.o)
                0x000000009d0014c0                __vector_dispatch_22
                0x0000000000000001                ASSERT (((_vector_spacing == 0x0) || (SIZEOF (.vector_22) <= (_vector_spacing << 0x5))), function at exception vector 22 too large)

.vector_23      0x000000009d0014e0        0x8
 *(.vector_23)
 .vector_23     0x000000009d0014e0        0x8 /Applications/microchip/xc32/v3.01/bin/bin/../../lib/gcc/pic32mx/8.3.1/../../../../pic32mx/lib/libpic32.a(vector23.o)
                0x000000009d0014e0                __vector_dispatch_23
                0x0000000000000001                ASSERT (((_vector_spacing == 0x0) || (SIZEOF (.vector_23) <= (_vector_spacing << 0x5))), function at exception vector 23 too large)

.vector_24      0x000000009d001500        0x8
 *(.vector_24)
 .vector_24     0x000000009d001500        0x8 build/default/production/serial.o
                0x000000009d001500                __vector_dispatch_24
                0x0000000000000001                ASSERT (((_vector_spacing == 0x0) || (SIZEOF (.vector_24) <= (_vector_spacing << 0x5))), function at exception vector 24 too large)

.vector_25      0x000000009d001520        0x8
 *(.vector_25)
 .vector_25     0x000000009d001520        0x8 /Applications/microchip/xc32/v3.01/bin/bin/../../lib/gcc/pic32mx/8.3.1/../../../../pic32mx/lib/libpic32.a(vector25.o)
                0x000000009d001520                __vector_dispatch_25
                0x0000000000000001                ASSERT (((_vector_spacing == 0x0) || (SIZEOF (.vector_25) <= (_vector_spacing << 0x5))), function at exception vector 25 too large)

.vector_26      0x000000009d001540        0x8
 *(.vector_26)
 .vector_26     0x000000009d001540        0x8 /Applications/microchip/xc32/v3.01/bin/bin/../../lib/gcc/pic32mx/8.3.1/../../../../pic32mx/lib/libpic32.a(vector26.o)
                0x000000009d001540                __vector_dispatch_26
                0x0000000000000001                ASSERT (((_vector_spacing == 0x0) || (SIZEOF (.vector_26) <= (_vector_spacing << 0x5))), function at exception vector 26 too large)

.vector_27      0x000000009d001560        0x8
 *(.vector_27)
 .vector_27     0x000000009d001560        0x8 build/default/production/AD.o
                0x000000009d001560                __vector_dispatch_27
                0x0000000000000001                ASSERT (((_vector_spacing == 0x0) || (SIZEOF (.vector_27) <= (_vector_spacing << 0x5))), function at exception vector 27 too large)

.vector_28      0x000000009d001580        0x8
 *(.vector_28)
 .vector_28     0x000000009d001580        0x8 /Applications/microchip/xc32/v3.01/bin/bin/../../lib/gcc/pic32mx/8.3.1/../../../../pic32mx/lib/libpic32.a(vector28.o)
                0x000000009d001580                __vector_dispatch_28
                0x0000000000000001                ASSERT (((_vector_spacing == 0x0) || (SIZEOF (.vector_28) <= (_vector_spacing << 0x5))), function at exception vector 28 too large)

.vector_29      0x000000009d0015a0        0x8
 *(.vector_29)
 .vector_29     0x000000009d0015a0        0x8 /Applications/microchip/xc32/v3.01/bin/bin/../../lib/gcc/pic32mx/8.3.1/../../../../pic32mx/lib/libpic32.a(vector29.o)
                0x000000009d0015a0                __vector_dispatch_29
                0x0000000000000001                ASSERT (((_vector_spacing == 0x0) || (SIZEOF (.vector_29) <= (_vector_spacing << 0x5))), function at exception vector 29 too large)

.vector_30      0x000000009d0015c0        0x8
 *(.vector_30)
 .vector_30     0x000000009d0015c0        0x8 /Applications/microchip/xc32/v3.01/bin/bin/../../lib/gcc/pic32mx/8.3.1/../../../../pic32mx/lib/libpic32.a(vector30.o)
                0x000000009d0015c0                __vector_dispatch_30
                0x0000000000000001                ASSERT (((_vector_spacing == 0x0) || (SIZEOF (.vector_30) <= (_vector_spacing << 0x5))), function at exception vector 30 too large)

.vector_31      0x000000009d0015e0        0x8
 *(.vector_31)
 .vector_31     0x000000009d0015e0        0x8 /Applications/microchip/xc32/v3.01/bin/bin/../../lib/gcc/pic32mx/8.3.1/../../../../pic32mx/lib/libpic32.a(vector31.o)
                0x000000009d0015e0                __vector_dispatch_31
                0x0000000000000001                ASSERT (((_vector_spacing == 0x0) || (SIZEOF (.vector_31) <= (_vector_spacing << 0x5))), function at exception vector 31 too large)

.vector_32      0x000000009d001600        0x8
 *(.vector_32)
 .vector_32     0x000000009d001600        0x8 /Applications/microchip/xc32/v3.01/bin/bin/../../lib/gcc/pic32mx/8.3.1/../../../../pic32mx/lib/libpic32.a(vector32.o)
                0x000000009d001600                __vector_dispatch_32
                0x0000000000000001                ASSERT (((_vector_spacing == 0x0) || (SIZEOF (.vector_32) <= (_vector_spacing << 0x5))), function at exception vector 32 too large)

.vector_33      0x000000009d001620        0x8
 *(.vector_33)
 .vector_33     0x000000009d001620        0x8 /Applications/microchip/xc32/v3.01/bin/bin/../../lib/gcc/pic32mx/8.3.1/../../../../pic32mx/lib/libpic32.a(vector33.o)
                0x000000009d001620                __vector_dispatch_33
                0x0000000000000001                ASSERT (((_vector_spacing == 0x0) || (SIZEOF (.vector_33) <= (_vector_spacing << 0x5))), function at exception vector 33 too large)

.vector_34      0x000000009d001640        0x8
 *(.vector_34)
 .vector_34     0x000000009d001640        0x8 /Applications/microchip/xc32/v3.01/bin/bin/../../lib/gcc/pic32mx/8.3.1/../../../../pic32mx/lib/libpic32.a(vector34.o)
                0x000000009d001640                __vector_dispatch_34
                0x0000000000000001                ASSERT (((_vector_spacing == 0x0) || (SIZEOF (.vector_34) <= (_vector_spacing << 0x5))), function at exception vector 34 too large)

.vector_35      0x000000009d001660        0x8
 *(.vector_35)
 .vector_35     0x000000009d001660        0x8 /Applications/microchip/xc32/v3.01/bin/bin/../../lib/gcc/pic32mx/8.3.1/../../../../pic32mx/lib/libpic32.a(vector35.o)
                0x000000009d001660                __vector_dispatch_35
                0x0000000000000001                ASSERT (((_vector_spacing == 0x0) || (SIZEOF (.vector_35) <= (_vector_spacing << 0x5))), function at exception vector 35 too large)

.vector_36      0x000000009d001680        0x8
 *(.vector_36)
 .vector_36     0x000000009d001680        0x8 /Applications/microchip/xc32/v3.01/bin/bin/../../lib/gcc/pic32mx/8.3.1/../../../../pic32mx/lib/libpic32.a(vector36.o)
                0x000000009d001680                __vector_dispatch_36
                0x0000000000000001                ASSERT (((_vector_spacing == 0x0) || (SIZEOF (.vector_36) <= (_vector_spacing << 0x5))), function at exception vector 36 too large)

.vector_37      0x000000009d0016a0        0x8
 *(.vector_37)
 .vector_37     0x000000009d0016a0        0x8 /Applications/microchip/xc32/v3.01/bin/bin/../../lib/gcc/pic32mx/8.3.1/../../../../pic32mx/lib/libpic32.a(vector37.o)
                0x000000009d0016a0                __vector_dispatch_37
                0x0000000000000001                ASSERT (((_vector_spacing == 0x0) || (SIZEOF (.vector_37) <= (_vector_spacing << 0x5))), function at exception vector 37 too large)

.vector_38      0x000000009d0016c0        0x8
 *(.vector_38)
 .vector_38     0x000000009d0016c0        0x8 /Applications/microchip/xc32/v3.01/bin/bin/../../lib/gcc/pic32mx/8.3.1/../../../../pic32mx/lib/libpic32.a(vector38.o)
                0x000000009d0016c0                __vector_dispatch_38
                0x0000000000000001                ASSERT (((_vector_spacing == 0x0) || (SIZEOF (.vector_38) <= (_vector_spacing << 0x5))), function at exception vector 38 too large)

.vector_39      0x000000009d0016e0        0x8
 *(.vector_39)
 .vector_39     0x000000009d0016e0        0x8 /Applications/microchip/xc32/v3.01/bin/bin/../../lib/gcc/pic32mx/8.3.1/../../../../pic32mx/lib/libpic32.a(vector39.o)
                0x000000009d0016e0                __vector_dispatch_39
                0x0000000000000001                ASSERT (((_vector_spacing == 0x0) || (SIZEOF (.vector_39) <= (_vector_spacing << 0x5))), function at exception vector 39 too large)

.vector_40      0x000000009d001700        0x8
 *(.vector_40)
 .vector_40     0x000000009d001700        0x8 /Applications/microchip/xc32/v3.01/bin/bin/../../lib/gcc/pic32mx/8.3.1/../../../../pic32mx/lib/libpic32.a(vector40.o)
                0x000000009d001700                __vector_dispatch_40
                0x0000000000000001                ASSERT (((_vector_spacing == 0x0) || (SIZEOF (.vector_40) <= (_vector_spacing << 0x5))), function at exception vector 40 too large)

.vector_41      0x000000009d001720        0x8
 *(.vector_41)
 .vector_41     0x000000009d001720        0x8 /Applications/microchip/xc32/v3.01/bin/bin/../../lib/gcc/pic32mx/8.3.1/../../../../pic32mx/lib/libpic32.a(vector41.o)
                0x000000009d001720                __vector_dispatch_41
                0x0000000000000001                ASSERT (((_vector_spacing == 0x0) || (SIZEOF (.vector_41) <= (_vector_spacing << 0x5))), function at exception vector 41 too large)

.vector_42      0x000000009d001740        0x8
 *(.vector_42)
 .vector_42     0x000000009d001740        0x8 /Applications/microchip/xc32/v3.01/bin/bin/../../lib/gcc/pic32mx/8.3.1/../../../../pic32mx/lib/libpic32.a(vector42.o)
                0x000000009d001740                __vector_dispatch_42
                0x0000000000000001                ASSERT (((_vector_spacing == 0x0) || (SIZEOF (.vector_42) <= (_vector_spacing << 0x5))), function at exception vector 42 too large)

.vector_43      0x000000009d001760        0x8
 *(.vector_43)
 .vector_43     0x000000009d001760        0x8 /Applications/microchip/xc32/v3.01/bin/bin/../../lib/gcc/pic32mx/8.3.1/../../../../pic32mx/lib/libpic32.a(vector43.o)
                0x000000009d001760                __vector_dispatch_43
                0x0000000000000001                ASSERT (((_vector_spacing == 0x0) || (SIZEOF (.vector_43) <= (_vector_spacing << 0x5))), function at exception vector 43 too large)

.vector_44      0x000000009d001780        0x8
 *(.vector_44)
 .vector_44     0x000000009d001780        0x8 /Applications/microchip/xc32/v3.01/bin/bin/../../lib/gcc/pic32mx/8.3.1/../../../../pic32mx/lib/libpic32.a(vector44.o)
                0x000000009d001780                __vector_dispatch_44
                0x0000000000000001                ASSERT (((_vector_spacing == 0x0) || (SIZEOF (.vector_44) <= (_vector_spacing << 0x5))), function at exception vector 44 too large)

.vector_45      0x000000009d0017a0        0x0
 *(.vector_45)
                0x0000000000000001                ASSERT (((_vector_spacing == 0x0) || (SIZEOF (.vector_45) <= (_vector_spacing << 0x5))), function at exception vector 45 too large)

.vector_46      0x000000009d0017c0        0x0
 *(.vector_46)
                0x0000000000000001                ASSERT (((_vector_spacing == 0x0) || (SIZEOF (.vector_46) <= (_vector_spacing << 0x5))), function at exception vector 46 too large)

.vector_47      0x000000009d0017e0        0x0
 *(.vector_47)
                0x0000000000000001                ASSERT (((_vector_spacing == 0x0) || (SIZEOF (.vector_47) <= (_vector_spacing << 0x5))), function at exception vector 47 too large)

.vector_48      0x000000009d001800        0x0
 *(.vector_48)
                0x0000000000000001                ASSERT (((_vector_spacing == 0x0) || (SIZEOF (.vector_48) <= (_vector_spacing << 0x5))), function at exception vector 48 too large)

.vector_49      0x000000009d001820        0x0
 *(.vector_49)
                0x0000000000000001                ASSERT (((_vector_spacing == 0x0) || (SIZEOF (.vector_49) <= (_vector_spacing << 0x5))), function at exception vector 49 too large)

.vector_50      0x000000009d001840        0x0
 *(.vector_50)
                0x0000000000000001                ASSERT (((_vector_spacing == 0x0) || (SIZEOF (.vector_50) <= (_vector_spacing << 0x5))), function at exception vector 50 too large)

.vector_51      0x000000009d001860        0x0
 *(.vector_51)
                0x0000000000000001                ASSERT (((_vector_spacing == 0x0) || (SIZEOF (.vector_51) <= (_vector_spacing << 0x5))), function at exception vector 51 too large)

.vector_52      0x000000009d001880        0x0
 *(.vector_52)
                0x0000000000000001                ASSERT (((_vector_spacing == 0x0) || (SIZEOF (.vector_52) <= (_vector_spacing << 0x5))), function at exception vector 52 too large)

.vector_53      0x000000009d0018a0        0x0
 *(.vector_53)
                0x0000000000000001                ASSERT (((_vector_spacing == 0x0) || (SIZEOF (.vector_53) <= (_vector_spacing << 0x5))), function at exception vector 53 too large)

.vector_54      0x000000009d0018c0        0x0
 *(.vector_54)
                0x0000000000000001                ASSERT (((_vector_spacing == 0x0) || (SIZEOF (.vector_54) <= (_vector_spacing << 0x5))), function at exception vector 54 too large)

.vector_55      0x000000009d0018e0        0x0
 *(.vector_55)
                0x0000000000000001                ASSERT (((_vector_spacing == 0x0) || (SIZEOF (.vector_55) <= (_vector_spacing << 0x5))), function at exception vector 55 too large)

.vector_56      0x000000009d001900        0x0
 *(.vector_56)
                0x0000000000000001                ASSERT (((_vector_spacing == 0x0) || (SIZEOF (.vector_56) <= (_vector_spacing << 0x5))), function at exception vector 56 too large)

.vector_57      0x000000009d001920        0x0
 *(.vector_57)
                0x0000000000000001                ASSERT (((_vector_spacing == 0x0) || (SIZEOF (.vector_57) <= (_vector_spacing << 0x5))), function at exception vector 57 too large)

.vector_58      0x000000009d001940        0x0
 *(.vector_58)
                0x0000000000000001                ASSERT (((_vector_spacing == 0x0) || (SIZEOF (.vector_58) <= (_vector_spacing << 0x5))), function at exception vector 58 too large)

.vector_59      0x000000009d001960        0x0
 *(.vector_59)
                0x0000000000000001                ASSERT (((_vector_spacing == 0x0) || (SIZEOF (.vector_59) <= (_vector_spacing << 0x5))), function at exception vector 59 too large)

.vector_60      0x000000009d001980        0x0
 *(.vector_60)
                0x0000000000000001                ASSERT (((_vector_spacing == 0x0) || (SIZEOF (.vector_60) <= (_vector_spacing << 0x5))), function at exception vector 60 too large)

.vector_61      0x000000009d0019a0        0x0
 *(.vector_61)
                0x0000000000000001                ASSERT (((_vector_spacing == 0x0) || (SIZEOF (.vector_61) <= (_vector_spacing << 0x5))), function at exception vector 61 too large)

.vector_62      0x000000009d0019c0        0x0
 *(.vector_62)
                0x0000000000000001                ASSERT (((_vector_spacing == 0x0) || (SIZEOF (.vector_62) <= (_vector_spacing << 0x5))), function at exception vector 62 too large)

.vector_63      0x000000009d0019e0        0x0
 *(.vector_63)
                0x0000000000000001                ASSERT (((_vector_spacing == 0x0) || (SIZEOF (.vector_63) <= (_vector_spacing << 0x5))), function at exception vector 63 too large)

.startup
 *(.startup)

.text           0x000000009d002000        0x0
 *(.stub .gnu.linkonce.t.*)
 *(.text.*personality*)
 *(.mips16.fn.*)
 *(.mips16.call.*)
 *(.gnu.warning)
                0x000000009d002000                . = ALIGN (0x4)

.init           0x000000009d002000        0x0
 *crti.o(.init)
 *crtbegin.o(.init)
 *(EXCLUDE_FILE(*crtn.o *crtend?.o *crtend.o) .init)
 *crtend.o(.init)
 *crtn.o(.init)
                0x000000009d002000                . = ALIGN (0x4)

.fini           0x000000009d002000        0x0
 *(.fini)
                0x000000009d002000                . = ALIGN (0x4)

.preinit_array  0x000000009d002000        0x0
                [!provide]                        PROVIDE (__preinit_array_start = .)
 *(.preinit_array)
                [!provide]                        PROVIDE (__preinit_array_end = .)
                0x000000009d002000                . = ALIGN (0x4)

.init_array     0x000000009d002000        0x0
                [!provide]                        PROVIDE (__init_array_start = .)
 *(SORT_BY_NAME(.init_array.*))
 *(.init_array)
                [!provide]                        PROVIDE (__init_array_end = .)
                0x000000009d002000                . = ALIGN (0x4)

.fini_array     0x000000009d002000        0x0
                [!provide]                        PROVIDE (__fini_array_start = .)
 *(SORT_BY_NAME(.fini_array.*))
 *(.fini_array)
                [!provide]                        PROVIDE (__fini_array_end = .)
                0x000000009d002000                . = ALIGN (0x4)

.ctors          0x000000009d002000        0x0
 *crtbegin.o(.ctors)
 *crtbegin?.o(.ctors)
 *(EXCLUDE_FILE(*crtend?.o *crtend.o) .ctors)
 *(SORT_BY_NAME(.ctors.*))
 *(.ctors)
                0x000000009d002000                . = ALIGN (0x4)

.dtors          0x000000009d002000        0x0
 *crtbegin.o(.dtors)
 *crtbegin?.o(.dtors)
 *(EXCLUDE_FILE(*crtend?.o *crtend.o) .dtors)
 *(SORT_BY_NAME(.dtors.*))
 *(.dtors)
                0x000000009d002000                . = ALIGN (0x4)

.rodata         0x000000009d002000        0x0
 *(.gnu.linkonce.r.*)
 *(.rodata1)
                0x000000009d002000                . = ALIGN (0x4)

.sdata2         0x000000009d002000        0x0
 *(.sdata2 .sdata2.* .gnu.linkonce.s2.*)
                0x000000009d002000                . = ALIGN (0x4)

.sbss2          0x000000009d002000        0x0
 *(.sbss2 .sbss2.* .gnu.linkonce.sb2.*)
                0x000000009d002000                . = ALIGN (0x4)

.eh_frame_hdr
 *(.eh_frame_hdr)
                0x000000009d002000                . = ALIGN (0x4)

.eh_frame
 *(.eh_frame)
                0x000000009d002000                . = ALIGN (0x4)

.gcc_except_table
 *(.gcc_except_table .gcc_except_table.*)
                0x000000009d002000                . = ALIGN (0x4)

.dbg_data       0x00000000a0000000        0x0
                0x00000000a0000000                . = (. + DEFINED (_DEBUGGER)?0x200:0x0)

.jcr            0x00000000a0000000        0x0
 *(.jcr)
                0x00000000a0000000                . = ALIGN (0x4)

.eh_frame
 *(.eh_frame)
                0x00000000a0000000                . = ALIGN (0x4)

.gcc_except_table
 *(.gcc_except_table .gcc_except_table.*)
                0x00000000a0000000                . = ALIGN (0x4)

.persist        0x00000000a0000000        0x0
                0x00000000a0000000                _persist_begin = .
 *(.persist .persist.*)
 *(.pbss .pbss.*)
                0x00000000a0000000                . = ALIGN (0x4)
                0x00000000a0000000                _persist_end = .

.data           0x00000000a0000000        0x0
 *(.gnu.linkonce.d.*)
 *(.data1)
                0x00000000a0000000                . = ALIGN (0x4)
                0x00000000a0000000                . = .
                0x00000000a0007ff0                _gp = (ALIGN (0x10) + 0x7ff0)

.got            0x00000000a0000000        0x0
 *(.got.plt)
 *(.got)
                0x00000000a0000000                . = ALIGN (0x4)

.sdata          0x00000000a0000000       0x30
                0x00000000a0000000                _sdata_begin = .
 *(.sdata .sdata.* .gnu.linkonce.s.*)
 .sdata         0x00000000a0000000        0x4 build/default/production/TemplateEventChecker.o
 .sdata         0x00000000a0000004        0x8 build/default/production/TemplateFSM.o
 .sdata         0x00000000a000000c        0x8 build/default/production/TemplateHSM.o
 .sdata         0x00000000a0000014        0x4 build/default/production/TemplateService.o
 .sdata         0x00000000a0000018        0x8 build/default/production/TemplateSubHSM.o
 .sdata         0x00000000a0000020        0x4 build/default/production/AD.o
 .sdata         0x00000000a0000024        0x7 build/default/production/RC_Servo.o
 *fill*         0x00000000a000002b        0x1 
 .sdata         0x00000000a000002c        0x4 /Applications/microchip/xc32/v3.01/bin/bin/../../lib/gcc/pic32mx/8.3.1/../../../../pic32mx/lib/liblega-c.a(_iobdata.o)
                0x00000000a000002c                _libc_data
                0x00000000a0000030                . = ALIGN (0x4)
                0x00000000a0000030                _sdata_end = .

.lit8
 *(.lit8)

.lit4
 *(.lit4)
                0x00000000a0000030                . = ALIGN (0x4)
                0x00000000a0000030                _data_end = .
                0x00000000a0000030                _bss_begin = .

.sbss           0x00000000a0000030       0xc4
                0x00000000a0000030                _sbss_begin = .
 *(.dynsbss)
 *(.sbss .sbss.* .gnu.linkonce.sb.*)
 .sbss          0x00000000a0000030        0x5 build/default/production/TemplateFSM.o
 *fill*         0x00000000a0000035        0x3 
 .sbss          0x00000000a0000038        0x5 build/default/production/TemplateHSM.o
 .sbss          0x00000000a000003d        0x1 build/default/production/TemplateService.o
 *fill*         0x00000000a000003e        0x2 
 .sbss          0x00000000a0000040        0x5 build/default/production/TemplateSubHSM.o
 *fill*         0x00000000a0000045        0x3 
 .sbss          0x00000000a0000048       0x24 build/default/production/AD.o
 .sbss          0x00000000a000006c        0xc build/default/production/ES_Framework.o
                0x00000000a000006c                Ready
 .sbss          0x00000000a0000078        0x1 build/default/production/ES_KeyboardInput.o
 .sbss          0x00000000a0000079        0x4 build/default/production/ES_TattleTale.o
 *fill*         0x00000000a000007d        0x3 
 .sbss          0x00000000a0000080       0x30 build/default/production/ES_Timers.o
 .sbss          0x00000000a00000b0        0x2 build/default/production/LED.o
 *fill*         0x00000000a00000b2        0x2 
 .sbss          0x00000000a00000b4        0xc build/default/production/pwm.o
 .sbss          0x00000000a00000c0       0x12 build/default/production/RC_Servo.o
                0x00000000a00000c0                RCenabled
 *fill*         0x00000000a00000d2        0x2 
 .sbss          0x00000000a00000d4        0xe build/default/production/serial.o
 *fill*         0x00000000a00000e2        0x2 
 .sbss          0x00000000a00000e4        0xc build/default/production/timers.o
 .sbss          0x00000000a00000f0        0x4 /Applications/microchip/xc32/v3.01/bin/bin/../../lib/gcc/pic32mx/8.3.1/../../../../pic32mx/lib/liblega-c.a(errno.o)
                0x00000000a00000f0                errno
 *(.scommon)
                0x00000000a00000f4                _sbss_end = .
                0x00000000a00000f4                . = ALIGN (0x4)

.bss            0x00000000a00000f4        0x0
 *(.dynbss)
 *(COMMON)
                0x00000000a00000f4                . = ALIGN ((. != 0x0)?0x4:0x1)
                0x00000000a00000f4                . = ALIGN (0x4)
                0x00000000a00000f4                _end = .
                0x00000000a00000f4                _bss_end = .
                0x0000000000004000                _bmxdudba_address = LENGTH (kseg1_data_mem)
                0x0000000000004000                _bmxdupba_address = LENGTH (kseg1_data_mem)

/DISCARD/
 *(.pdr)
 *(.rel.dyn)
 *(.note.GNU-stack)
 *(.note.GNU-stack)
 *(.gnu_debuglink)
 *(.gnu.lto_*)
 *(.discard)

.gptab.sdata
 *(.gptab.data)
 *(.gptab.sdata)

.gptab.sbss
 *(.gptab.bss)
 *(.gptab.sbss)

.mdebug.abi32   0x00000000a00000f4        0x0
 *(.mdebug.abi32)
 .mdebug.abi32  0x00000000a00000f4        0x0 build/default/production/TemplateES_Main.o
 .mdebug.abi32  0x00000000a00000f4        0x0 build/default/production/TemplateEventChecker.o
 .mdebug.abi32  0x00000000a00000f4        0x0 build/default/production/TemplateFSM.o
 .mdebug.abi32  0x00000000a00000f4        0x0 build/default/production/TemplateHSM.o
 .mdebug.abi32  0x00000000a00000f4        0x0 build/default/production/TemplateService.o
 .mdebug.abi32  0x00000000a00000f4        0x0 build/default/production/TemplateSubHSM.o
 .mdebug.abi32  0x00000000a00000f4        0x0 build/default/production/AD.o
 .mdebug.abi32  0x00000000a00000f4        0x0 build/default/production/BOARD.o
 .mdebug.abi32  0x00000000a00000f4        0x0 build/default/production/ES_CheckEvents.o
 .mdebug.abi32  0x00000000a00000f4        0x0 build/default/production/ES_Framework.o
 .mdebug.abi32  0x00000000a00000f4        0x0 build/default/production/ES_KeyboardInput.o
 .mdebug.abi32  0x00000000a00000f4        0x0 build/default/production/ES_PostList.o
 .mdebug.abi32  0x00000000a00000f4        0x0 build/default/production/ES_Queue.o
 .mdebug.abi32  0x00000000a00000f4        0x0 build/default/production/ES_TattleTale.o
 .mdebug.abi32  0x00000000a00000f4        0x0 build/default/production/ES_Timers.o
 .mdebug.abi32  0x00000000a00000f4        0x0 build/default/production/IO_Ports.o
 .mdebug.abi32  0x00000000a00000f4        0x0 build/default/production/LED.o
 .mdebug.abi32  0x00000000a00000f4        0x0 build/default/production/pwm.o
 .mdebug.abi32  0x00000000a00000f4        0x0 build/default/production/RC_Servo.o
 .mdebug.abi32  0x00000000a00000f4        0x0 build/default/production/roach.o
 .mdebug.abi32  0x00000000a00000f4        0x0 build/default/production/serial.o
 .mdebug.abi32  0x00000000a00000f4        0x0 build/default/production/timers.o
 .mdebug.abi32  0x00000000a00000f4        0x0 /Applications/microchip/xc32/v3.01/bin/bin/../../lib/gcc/pic32mx/8.3.1/libgcc.a(floatunsisf.o)
 .mdebug.abi32  0x00000000a00000f4        0x0 /Applications/microchip/xc32/v3.01/bin/bin/../../lib/gcc/pic32mx/8.3.1/../../../../pic32mx/lib/libpic32.a(default-bootstrap-exception-handler.o)
 .mdebug.abi32  0x00000000a00000f4        0x0 /Applications/microchip/xc32/v3.01/bin/bin/../../lib/gcc/pic32mx/8.3.1/../../../../pic32mx/lib/libpic32.a(default-on-reset.o)
 .mdebug.abi32  0x00000000a00000f4        0x0 /Applications/microchip/xc32/v3.01/bin/bin/../../lib/gcc/pic32mx/8.3.1/../../../../pic32mx/lib/libpic32.a(default-on-bootstrap.o)
 .mdebug.abi32  0x00000000a00000f4        0x0 /Applications/microchip/xc32/v3.01/bin/bin/../../lib/gcc/pic32mx/8.3.1/../../../../pic32mx/lib/libpic32.a(default-general-exception-handler.o)
 .mdebug.abi32  0x00000000a00000f4        0x0 /Applications/microchip/xc32/v3.01/bin/bin/../../lib/gcc/pic32mx/8.3.1/../../../../pic32mx/lib/libpic32.a(defaultinterrupt.o)
 .mdebug.abi32  0x00000000a00000f4        0x0 /Applications/microchip/xc32/v3.01/bin/bin/../../lib/gcc/pic32mx/8.3.1/../../../../pic32mx/lib/liblega-c.a(fputc.o)
 .mdebug.abi32  0x00000000a00000f4        0x0 /Applications/microchip/xc32/v3.01/bin/bin/../../lib/gcc/pic32mx/8.3.1/../../../../pic32mx/lib/liblega-c.a(fputs.o)
 .mdebug.abi32  0x00000000a00000f4        0x0 /Applications/microchip/xc32/v3.01/bin/bin/../../lib/gcc/pic32mx/8.3.1/../../../../pic32mx/lib/liblega-c.a(printf_cdnopsuxX.eo)
 .mdebug.abi32  0x00000000a00000f4        0x0 /Applications/microchip/xc32/v3.01/bin/bin/../../lib/gcc/pic32mx/8.3.1/../../../../pic32mx/lib/liblega-c.a(printf_cdnopuxX.eo)
 .mdebug.abi32  0x00000000a00000f4        0x0 /Applications/microchip/xc32/v3.01/bin/bin/../../lib/gcc/pic32mx/8.3.1/../../../../pic32mx/lib/liblega-c.a(strlen.o)
 .mdebug.abi32  0x00000000a00000f4        0x0 /Applications/microchip/xc32/v3.01/bin/bin/../../lib/gcc/pic32mx/8.3.1/../../../../pic32mx/lib/liblega-c.a(_doprnt_cdnopsuxX.eo)
 .mdebug.abi32  0x00000000a00000f4        0x0 /Applications/microchip/xc32/v3.01/bin/bin/../../lib/gcc/pic32mx/8.3.1/../../../../pic32mx/lib/liblega-c.a(_doprnt_cdnopuxX.eo)
 .mdebug.abi32  0x00000000a00000f4        0x0 /Applications/microchip/xc32/v3.01/bin/bin/../../lib/gcc/pic32mx/8.3.1/../../../../pic32mx/lib/liblega-c.a(_iobdata.o)
 .mdebug.abi32  0x00000000a00000f4        0x0 /Applications/microchip/xc32/v3.01/bin/bin/../../lib/gcc/pic32mx/8.3.1/../../../../pic32mx/lib/liblega-c.a(_iobfuncs.o)
 .mdebug.abi32  0x00000000a00000f4        0x0 /Applications/microchip/xc32/v3.01/bin/bin/../../lib/gcc/pic32mx/8.3.1/../../../../pic32mx/lib/liblega-c.a(errno.o)
 .mdebug.abi32  0x00000000a00000f4        0x0 /Applications/microchip/xc32/v3.01/bin/bin/../../lib/gcc/pic32mx/8.3.1/libgcc.a(_udivdi3.o)
 .mdebug.abi32  0x00000000a00000f4        0x0 /Applications/microchip/xc32/v3.01/bin/bin/../../lib/gcc/pic32mx/8.3.1/libgcc.a(_umoddi3.o)
 .mdebug.abi32  0x00000000a00000f4        0x0 /Applications/microchip/xc32/v3.01/bin/bin/../../lib/gcc/pic32mx/8.3.1/../../../../pic32mx/lib/libpic32.a(_mon_write.o)

.mdebug.abiN32
 *(.mdebug.abiN32)

.mdebug.abi64
 *(.mdebug.abi64)

.mdebug.abiO64
 *(.mdebug.abiO64)

.mdebug.eabi32
 *(.mdebug.eabi32)

.mdebug.eabi64
 *(.mdebug.eabi64)

.gcc_compiled_long32
 *(.gcc_compiled_long32)

.gcc_compiled_long64
 *(.gcc_compiled_long64)

.stab
 *(.stab)

.stabstr
 *(.stabstr)

.stab.excl
 *(.stab.excl)

.stab.exclstr
 *(.stab.exclstr)

.stab.index
 *(.stab.index)

.stab.indexstr
 *(.stab.indexstr)

.comment        0x0000000000000000      0x2da
 *(.comment)
 .comment       0x0000000000000000       0x53 build/default/production/TemplateES_Main.o
                                         0x54 (size before relaxing)
 .comment       0x0000000000000053       0x54 build/default/production/TemplateEventChecker.o
 .comment       0x0000000000000053       0x54 build/default/production/TemplateFSM.o
 .comment       0x0000000000000053       0x54 build/default/production/TemplateHSM.o
 .comment       0x0000000000000053       0x54 build/default/production/TemplateService.o
 .comment       0x0000000000000053       0x54 build/default/production/TemplateSubHSM.o
 .comment       0x0000000000000053       0x54 build/default/production/AD.o
 .comment       0x0000000000000053       0x54 build/default/production/BOARD.o
 .comment       0x0000000000000053       0x54 build/default/production/ES_CheckEvents.o
 .comment       0x0000000000000053       0x54 build/default/production/ES_Framework.o
 .comment       0x0000000000000053       0x54 build/default/production/ES_KeyboardInput.o
 .comment       0x0000000000000053       0x54 build/default/production/ES_PostList.o
 .comment       0x0000000000000053       0x54 build/default/production/ES_Queue.o
 .comment       0x0000000000000053       0x54 build/default/production/ES_TattleTale.o
 .comment       0x0000000000000053       0x54 build/default/production/ES_Timers.o
 .comment       0x0000000000000053       0x54 build/default/production/IO_Ports.o
 .comment       0x0000000000000053       0x54 build/default/production/LED.o
 .comment       0x0000000000000053       0x54 build/default/production/pwm.o
 .comment       0x0000000000000053       0x54 build/default/production/RC_Servo.o
 .comment       0x0000000000000053       0x54 build/default/production/roach.o
 .comment       0x0000000000000053       0x54 build/default/production/serial.o
 .comment       0x0000000000000053       0x54 build/default/production/timers.o
 .comment       0x0000000000000053       0x54 /Applications/microchip/xc32/v3.01/bin/bin/../../lib/gcc/pic32mx/8.3.1/libgcc.a(floatunsisf.o)
 .comment       0x0000000000000053       0x54 /Applications/microchip/xc32/v3.01/bin/bin/../../lib/gcc/pic32mx/8.3.1/../../../../pic32mx/lib/libpic32.a(default-bootstrap-exception-handler.o)
 .comment       0x0000000000000053       0x54 /Applications/microchip/xc32/v3.01/bin/bin/../../lib/gcc/pic32mx/8.3.1/../../../../pic32mx/lib/libpic32.a(default-on-reset.o)
 .comment       0x0000000000000053       0x54 /Applications/microchip/xc32/v3.01/bin/bin/../../lib/gcc/pic32mx/8.3.1/../../../../pic32mx/lib/libpic32.a(default-on-bootstrap.o)
 .comment       0x0000000000000053       0x54 /Applications/microchip/xc32/v3.01/bin/bin/../../lib/gcc/pic32mx/8.3.1/../../../../pic32mx/lib/libpic32.a(default-general-exception-handler.o)
 .comment       0x0000000000000053       0x54 /Applications/microchip/xc32/v3.01/bin/bin/../../lib/gcc/pic32mx/8.3.1/../../../../pic32mx/lib/libpic32.a(defaultinterrupt.o)
 .comment       0x0000000000000053       0x50 /Applications/microchip/xc32/v3.01/bin/bin/../../lib/gcc/pic32mx/8.3.1/../../../../pic32mx/lib/liblega-c.a(fputc.o)
                                         0xa4 (size before relaxing)
 .comment       0x00000000000000a3       0x50 /Applications/microchip/xc32/v3.01/bin/bin/../../lib/gcc/pic32mx/8.3.1/../../../../pic32mx/lib/liblega-c.a(fputs.o)
                                         0xa4 (size before relaxing)
 .comment       0x00000000000000f3       0x51 /Applications/microchip/xc32/v3.01/bin/bin/../../lib/gcc/pic32mx/8.3.1/../../../../pic32mx/lib/liblega-c.a(printf_cdnopsuxX.eo)
                                         0xa5 (size before relaxing)
 .comment       0x0000000000000144       0xa5 /Applications/microchip/xc32/v3.01/bin/bin/../../lib/gcc/pic32mx/8.3.1/../../../../pic32mx/lib/liblega-c.a(printf_cdnopuxX.eo)
 .comment       0x0000000000000144       0x4f /Applications/microchip/xc32/v3.01/bin/bin/../../lib/gcc/pic32mx/8.3.1/../../../../pic32mx/lib/liblega-c.a(strlen.o)
                                         0xa3 (size before relaxing)
 .comment       0x0000000000000193       0x52 /Applications/microchip/xc32/v3.01/bin/bin/../../lib/gcc/pic32mx/8.3.1/../../../../pic32mx/lib/liblega-c.a(_doprnt_cdnopsuxX.eo)
                                         0xa6 (size before relaxing)
 .comment       0x00000000000001e5       0xa6 /Applications/microchip/xc32/v3.01/bin/bin/../../lib/gcc/pic32mx/8.3.1/../../../../pic32mx/lib/liblega-c.a(_doprnt_cdnopuxX.eo)
 .comment       0x00000000000001e5       0x53 /Applications/microchip/xc32/v3.01/bin/bin/../../lib/gcc/pic32mx/8.3.1/../../../../pic32mx/lib/liblega-c.a(_iobdata.o)
                                         0xa7 (size before relaxing)
 .comment       0x0000000000000238       0x54 /Applications/microchip/xc32/v3.01/bin/bin/../../lib/gcc/pic32mx/8.3.1/../../../../pic32mx/lib/liblega-c.a(_iobfuncs.o)
                                         0xa8 (size before relaxing)
 .comment       0x000000000000028c       0x4e /Applications/microchip/xc32/v3.01/bin/bin/../../lib/gcc/pic32mx/8.3.1/../../../../pic32mx/lib/liblega-c.a(errno.o)
                                         0xa2 (size before relaxing)
 .comment       0x00000000000002da       0x54 /Applications/microchip/xc32/v3.01/bin/bin/../../lib/gcc/pic32mx/8.3.1/libgcc.a(_udivdi3.o)
 .comment       0x00000000000002da       0x54 /Applications/microchip/xc32/v3.01/bin/bin/../../lib/gcc/pic32mx/8.3.1/libgcc.a(_umoddi3.o)
 .comment       0x00000000000002da       0x54 /Applications/microchip/xc32/v3.01/bin/bin/../../lib/gcc/pic32mx/8.3.1/../../../../pic32mx/lib/libpic32.a(_mon_write.o)

.debug
 *(.debug)

.line
 *(.line)

.debug_srcinfo
 *(.debug_srcinfo)

.debug_sfnames
 *(.debug_sfnames)

.debug_aranges  0x0000000000000000      0x3d8
 *(.debug_aranges)
 .debug_aranges
                0x0000000000000000       0x20 build/default/production/TemplateES_Main.o
 .debug_aranges
                0x0000000000000020       0x20 build/default/production/TemplateEventChecker.o
 .debug_aranges
                0x0000000000000040       0x20 build/default/production/TemplateFSM.o
 .debug_aranges
                0x0000000000000060       0x20 build/default/production/TemplateHSM.o
 .debug_aranges
                0x0000000000000080       0x20 build/default/production/TemplateService.o
 .debug_aranges
                0x00000000000000a0       0x20 build/default/production/TemplateSubHSM.o
 .debug_aranges
                0x00000000000000c0       0x20 build/default/production/AD.o
 .debug_aranges
                0x00000000000000e0       0x20 build/default/production/BOARD.o
 .debug_aranges
                0x0000000000000100       0x20 build/default/production/ES_CheckEvents.o
 .debug_aranges
                0x0000000000000120       0x20 build/default/production/ES_Framework.o
 .debug_aranges
                0x0000000000000140       0x20 build/default/production/ES_KeyboardInput.o
 .debug_aranges
                0x0000000000000160       0x18 build/default/production/ES_PostList.o
 .debug_aranges
                0x0000000000000178       0x20 build/default/production/ES_Queue.o
 .debug_aranges
                0x0000000000000198       0x20 build/default/production/ES_TattleTale.o
 .debug_aranges
                0x00000000000001b8       0x20 build/default/production/ES_Timers.o
 .debug_aranges
                0x00000000000001d8       0x20 build/default/production/IO_Ports.o
 .debug_aranges
                0x00000000000001f8       0x20 build/default/production/LED.o
 .debug_aranges
                0x0000000000000218       0x20 build/default/production/pwm.o
 .debug_aranges
                0x0000000000000238       0x20 build/default/production/RC_Servo.o
 .debug_aranges
                0x0000000000000258       0x20 build/default/production/roach.o
 .debug_aranges
                0x0000000000000278       0x20 build/default/production/serial.o
 .debug_aranges
                0x0000000000000298       0x20 build/default/production/timers.o
 .debug_aranges
                0x00000000000002b8       0x20 /Applications/microchip/xc32/v3.01/bin/bin/../../lib/gcc/pic32mx/8.3.1/libgcc.a(floatunsisf.o)
 .debug_aranges
                0x00000000000002d8       0x20 /Applications/microchip/xc32/v3.01/bin/bin/../../lib/gcc/pic32mx/8.3.1/../../../../pic32mx/lib/libpic32.a(default-bootstrap-exception-handler.o)
 .debug_aranges
                0x00000000000002f8       0x20 /Applications/microchip/xc32/v3.01/bin/bin/../../lib/gcc/pic32mx/8.3.1/../../../../pic32mx/lib/libpic32.a(default-on-reset.o)
 .debug_aranges
                0x0000000000000318       0x20 /Applications/microchip/xc32/v3.01/bin/bin/../../lib/gcc/pic32mx/8.3.1/../../../../pic32mx/lib/libpic32.a(default-on-bootstrap.o)
 .debug_aranges
                0x0000000000000338       0x20 /Applications/microchip/xc32/v3.01/bin/bin/../../lib/gcc/pic32mx/8.3.1/../../../../pic32mx/lib/libpic32.a(default-general-exception-handler.o)
 .debug_aranges
                0x0000000000000358       0x20 /Applications/microchip/xc32/v3.01/bin/bin/../../lib/gcc/pic32mx/8.3.1/../../../../pic32mx/lib/libpic32.a(defaultinterrupt.o)
 .debug_aranges
                0x0000000000000378       0x20 /Applications/microchip/xc32/v3.01/bin/bin/../../lib/gcc/pic32mx/8.3.1/libgcc.a(_udivdi3.o)
 .debug_aranges
                0x0000000000000398       0x20 /Applications/microchip/xc32/v3.01/bin/bin/../../lib/gcc/pic32mx/8.3.1/libgcc.a(_umoddi3.o)
 .debug_aranges
                0x00000000000003b8       0x20 /Applications/microchip/xc32/v3.01/bin/bin/../../lib/gcc/pic32mx/8.3.1/../../../../pic32mx/lib/libpic32.a(_mon_write.o)

.debug_pubnames
 *(.debug_pubnames)

.debug_info     0x0000000000000000    0x832de
 *(.debug_info .gnu.linkonce.wi.*)
 .debug_info    0x0000000000000000     0xaa28 build/default/production/TemplateES_Main.o
 .debug_info    0x000000000000aa28      0x201 build/default/production/TemplateEventChecker.o
 .debug_info    0x000000000000ac29      0x5a8 build/default/production/TemplateFSM.o
 .debug_info    0x000000000000b1d1      0x314 build/default/production/TemplateHSM.o
 .debug_info    0x000000000000b4e5      0x572 build/default/production/TemplateService.o
 .debug_info    0x000000000000ba57      0x2e7 build/default/production/TemplateSubHSM.o
 .debug_info    0x000000000000bd3e     0xac75 build/default/production/AD.o
 .debug_info    0x00000000000169b3     0xa6f4 build/default/production/BOARD.o
 .debug_info    0x00000000000210a7      0x13d build/default/production/ES_CheckEvents.o
 .debug_info    0x00000000000211e4      0x766 build/default/production/ES_Framework.o
 .debug_info    0x000000000002194a      0x550 build/default/production/ES_KeyboardInput.o
 .debug_info    0x0000000000021e9a       0x8a build/default/production/ES_PostList.o
 .debug_info    0x0000000000021f24      0x310 build/default/production/ES_Queue.o
 .debug_info    0x0000000000022234     0xabe1 build/default/production/ES_TattleTale.o
 .debug_info    0x000000000002ce15     0xaa33 build/default/production/ES_Timers.o
 .debug_info    0x0000000000037848     0xabbc build/default/production/IO_Ports.o
 .debug_info    0x0000000000042404     0xaa67 build/default/production/LED.o
 .debug_info    0x000000000004ce6b     0xabc6 build/default/production/pwm.o
 .debug_info    0x0000000000057a31     0xaa81 build/default/production/RC_Servo.o
 .debug_info    0x00000000000624b2     0xa954 build/default/production/roach.o
 .debug_info    0x000000000006ce06     0xa8d8 build/default/production/serial.o
 .debug_info    0x00000000000776de     0xa8a9 build/default/production/timers.o
 .debug_info    0x0000000000081f87       0x9d /Applications/microchip/xc32/v3.01/bin/bin/../../lib/gcc/pic32mx/8.3.1/libgcc.a(floatunsisf.o)
 .debug_info    0x0000000000082024       0x41 /Applications/microchip/xc32/v3.01/bin/bin/../../lib/gcc/pic32mx/8.3.1/../../../../pic32mx/lib/libpic32.a(default-bootstrap-exception-handler.o)
 .debug_info    0x0000000000082065       0x3f /Applications/microchip/xc32/v3.01/bin/bin/../../lib/gcc/pic32mx/8.3.1/../../../../pic32mx/lib/libpic32.a(default-on-reset.o)
 .debug_info    0x00000000000820a4       0x3f /Applications/microchip/xc32/v3.01/bin/bin/../../lib/gcc/pic32mx/8.3.1/../../../../pic32mx/lib/libpic32.a(default-on-bootstrap.o)
 .debug_info    0x00000000000820e3       0x41 /Applications/microchip/xc32/v3.01/bin/bin/../../lib/gcc/pic32mx/8.3.1/../../../../pic32mx/lib/libpic32.a(default-general-exception-handler.o)
 .debug_info    0x0000000000082124       0x40 /Applications/microchip/xc32/v3.01/bin/bin/../../lib/gcc/pic32mx/8.3.1/../../../../pic32mx/lib/libpic32.a(defaultinterrupt.o)
 .debug_info    0x0000000000082164      0x85c /Applications/microchip/xc32/v3.01/bin/bin/../../lib/gcc/pic32mx/8.3.1/libgcc.a(_udivdi3.o)
 .debug_info    0x00000000000829c0      0x8d4 /Applications/microchip/xc32/v3.01/bin/bin/../../lib/gcc/pic32mx/8.3.1/libgcc.a(_umoddi3.o)
 .debug_info    0x0000000000083294       0x4a /Applications/microchip/xc32/v3.01/bin/bin/../../lib/gcc/pic32mx/8.3.1/../../../../pic32mx/lib/libpic32.a(_mon_write.o)

.debug_abbrev   0x0000000000000000     0x3083
 *(.debug_abbrev)
 .debug_abbrev  0x0000000000000000      0x23e build/default/production/TemplateES_Main.o
 .debug_abbrev  0x000000000000023e       0xfc build/default/production/TemplateEventChecker.o
 .debug_abbrev  0x000000000000033a      0x18a build/default/production/TemplateFSM.o
 .debug_abbrev  0x00000000000004c4      0x12f build/default/production/TemplateHSM.o
 .debug_abbrev  0x00000000000005f3      0x19e build/default/production/TemplateService.o
 .debug_abbrev  0x0000000000000791      0x12f build/default/production/TemplateSubHSM.o
 .debug_abbrev  0x00000000000008c0      0x30b build/default/production/AD.o
 .debug_abbrev  0x0000000000000bcb      0x1d2 build/default/production/BOARD.o
 .debug_abbrev  0x0000000000000d9d       0xc0 build/default/production/ES_CheckEvents.o
 .debug_abbrev  0x0000000000000e5d      0x21a build/default/production/ES_Framework.o
 .debug_abbrev  0x0000000000001077      0x1b5 build/default/production/ES_KeyboardInput.o
 .debug_abbrev  0x000000000000122c       0x59 build/default/production/ES_PostList.o
 .debug_abbrev  0x0000000000001285      0x12c build/default/production/ES_Queue.o
 .debug_abbrev  0x00000000000013b1      0x29c build/default/production/ES_TattleTale.o
 .debug_abbrev  0x000000000000164d      0x2a7 build/default/production/ES_Timers.o
 .debug_abbrev  0x00000000000018f4      0x262 build/default/production/IO_Ports.o
 .debug_abbrev  0x0000000000001b56      0x29e build/default/production/LED.o
 .debug_abbrev  0x0000000000001df4      0x2da build/default/production/pwm.o
 .debug_abbrev  0x00000000000020ce      0x2de build/default/production/RC_Servo.o
 .debug_abbrev  0x00000000000023ac      0x2a5 build/default/production/roach.o
 .debug_abbrev  0x0000000000002651      0x2ae build/default/production/serial.o
 .debug_abbrev  0x00000000000028ff      0x21b build/default/production/timers.o
 .debug_abbrev  0x0000000000002b1a       0x7d /Applications/microchip/xc32/v3.01/bin/bin/../../lib/gcc/pic32mx/8.3.1/libgcc.a(floatunsisf.o)
 .debug_abbrev  0x0000000000002b97       0x31 /Applications/microchip/xc32/v3.01/bin/bin/../../lib/gcc/pic32mx/8.3.1/../../../../pic32mx/lib/libpic32.a(default-bootstrap-exception-handler.o)
 .debug_abbrev  0x0000000000002bc8       0x2e /Applications/microchip/xc32/v3.01/bin/bin/../../lib/gcc/pic32mx/8.3.1/../../../../pic32mx/lib/libpic32.a(default-on-reset.o)
 .debug_abbrev  0x0000000000002bf6       0x2e /Applications/microchip/xc32/v3.01/bin/bin/../../lib/gcc/pic32mx/8.3.1/../../../../pic32mx/lib/libpic32.a(default-on-bootstrap.o)
 .debug_abbrev  0x0000000000002c24       0x31 /Applications/microchip/xc32/v3.01/bin/bin/../../lib/gcc/pic32mx/8.3.1/../../../../pic32mx/lib/libpic32.a(default-general-exception-handler.o)
 .debug_abbrev  0x0000000000002c55       0x31 /Applications/microchip/xc32/v3.01/bin/bin/../../lib/gcc/pic32mx/8.3.1/../../../../pic32mx/lib/libpic32.a(defaultinterrupt.o)
 .debug_abbrev  0x0000000000002c86      0x1d8 /Applications/microchip/xc32/v3.01/bin/bin/../../lib/gcc/pic32mx/8.3.1/libgcc.a(_udivdi3.o)
 .debug_abbrev  0x0000000000002e5e      0x1ee /Applications/microchip/xc32/v3.01/bin/bin/../../lib/gcc/pic32mx/8.3.1/libgcc.a(_umoddi3.o)
 .debug_abbrev  0x000000000000304c       0x37 /Applications/microchip/xc32/v3.01/bin/bin/../../lib/gcc/pic32mx/8.3.1/../../../../pic32mx/lib/libpic32.a(_mon_write.o)

.debug_line     0x0000000000000000     0x4fac
 *(.debug_line)
 .debug_line    0x0000000000000000      0x2ba build/default/production/TemplateES_Main.o
 .debug_line    0x00000000000002ba      0x18f build/default/production/TemplateEventChecker.o
 .debug_line    0x0000000000000449      0x252 build/default/production/TemplateFSM.o
 .debug_line    0x000000000000069b      0x200 build/default/production/TemplateHSM.o
 .debug_line    0x000000000000089b      0x245 build/default/production/TemplateService.o
 .debug_line    0x0000000000000ae0      0x1ee build/default/production/TemplateSubHSM.o
 .debug_line    0x0000000000000cce      0x4f9 build/default/production/AD.o
 .debug_line    0x00000000000011c7      0x1dd build/default/production/BOARD.o
 .debug_line    0x00000000000013a4      0x18b build/default/production/ES_CheckEvents.o
 .debug_line    0x000000000000152f      0x2fe build/default/production/ES_Framework.o
 .debug_line    0x000000000000182d      0x21c build/default/production/ES_KeyboardInput.o
 .debug_line    0x0000000000001a49       0x7e build/default/production/ES_PostList.o
 .debug_line    0x0000000000001ac7      0x213 build/default/production/ES_Queue.o
 .debug_line    0x0000000000001cda      0x38a build/default/production/ES_TattleTale.o
 .debug_line    0x0000000000002064      0x38f build/default/production/ES_Timers.o
 .debug_line    0x00000000000023f3      0x3f9 build/default/production/IO_Ports.o
 .debug_line    0x00000000000027ec      0x62e build/default/production/LED.o
 .debug_line    0x0000000000002e1a      0x469 build/default/production/pwm.o
 .debug_line    0x0000000000003283      0x52a build/default/production/RC_Servo.o
 .debug_line    0x00000000000037ad      0x344 build/default/production/roach.o
 .debug_line    0x0000000000003af1      0x361 build/default/production/serial.o
 .debug_line    0x0000000000003e52      0x2dc build/default/production/timers.o
 .debug_line    0x000000000000412e       0xba /Applications/microchip/xc32/v3.01/bin/bin/../../lib/gcc/pic32mx/8.3.1/libgcc.a(floatunsisf.o)
 .debug_line    0x00000000000041e8       0xca /Applications/microchip/xc32/v3.01/bin/bin/../../lib/gcc/pic32mx/8.3.1/../../../../pic32mx/lib/libpic32.a(default-bootstrap-exception-handler.o)
 .debug_line    0x00000000000042b2       0xa6 /Applications/microchip/xc32/v3.01/bin/bin/../../lib/gcc/pic32mx/8.3.1/../../../../pic32mx/lib/libpic32.a(default-on-reset.o)
 .debug_line    0x0000000000004358       0xaa /Applications/microchip/xc32/v3.01/bin/bin/../../lib/gcc/pic32mx/8.3.1/../../../../pic32mx/lib/libpic32.a(default-on-bootstrap.o)
 .debug_line    0x0000000000004402       0xc8 /Applications/microchip/xc32/v3.01/bin/bin/../../lib/gcc/pic32mx/8.3.1/../../../../pic32mx/lib/libpic32.a(default-general-exception-handler.o)
 .debug_line    0x00000000000044ca       0xc9 /Applications/microchip/xc32/v3.01/bin/bin/../../lib/gcc/pic32mx/8.3.1/../../../../pic32mx/lib/libpic32.a(defaultinterrupt.o)
 .debug_line    0x0000000000004593      0x490 /Applications/microchip/xc32/v3.01/bin/bin/../../lib/gcc/pic32mx/8.3.1/libgcc.a(_udivdi3.o)
 .debug_line    0x0000000000004a23      0x4d9 /Applications/microchip/xc32/v3.01/bin/bin/../../lib/gcc/pic32mx/8.3.1/libgcc.a(_umoddi3.o)
 .debug_line    0x0000000000004efc       0xb0 /Applications/microchip/xc32/v3.01/bin/bin/../../lib/gcc/pic32mx/8.3.1/../../../../pic32mx/lib/libpic32.a(_mon_write.o)

.debug_frame    0x0000000000000000     0x14b8
 *(.debug_frame)
 .debug_frame   0x0000000000000000       0x2c build/default/production/TemplateES_Main.o
 .debug_frame   0x000000000000002c       0x34 build/default/production/TemplateEventChecker.o
 .debug_frame   0x0000000000000060       0x7c build/default/production/TemplateFSM.o
 .debug_frame   0x00000000000000dc       0x7c build/default/production/TemplateHSM.o
 .debug_frame   0x0000000000000158       0x7c build/default/production/TemplateService.o
 .debug_frame   0x00000000000001d4       0x58 build/default/production/TemplateSubHSM.o
 .debug_frame   0x000000000000022c      0x190 build/default/production/AD.o
 .debug_frame   0x00000000000003bc       0x74 build/default/production/BOARD.o
 .debug_frame   0x0000000000000430       0x34 build/default/production/ES_CheckEvents.o
 .debug_frame   0x0000000000000464       0xc0 build/default/production/ES_Framework.o
 .debug_frame   0x0000000000000524       0x98 build/default/production/ES_KeyboardInput.o
 .debug_frame   0x00000000000005bc       0x90 build/default/production/ES_Queue.o
 .debug_frame   0x000000000000064c       0x7c build/default/production/ES_TattleTale.o
 .debug_frame   0x00000000000006c8      0x14c build/default/production/ES_Timers.o
 .debug_frame   0x0000000000000814      0x200 build/default/production/IO_Ports.o
 .debug_frame   0x0000000000000a14      0x170 build/default/production/LED.o
 .debug_frame   0x0000000000000b84      0x148 build/default/production/pwm.o
 .debug_frame   0x0000000000000ccc      0x1f8 build/default/production/RC_Servo.o
 .debug_frame   0x0000000000000ec4      0x1c8 build/default/production/roach.o
 .debug_frame   0x000000000000108c      0x15c build/default/production/serial.o
 .debug_frame   0x00000000000011e8      0x174 build/default/production/timers.o
 .debug_frame   0x000000000000135c       0x2c /Applications/microchip/xc32/v3.01/bin/bin/../../lib/gcc/pic32mx/8.3.1/libgcc.a(floatunsisf.o)
 .debug_frame   0x0000000000001388       0x2c /Applications/microchip/xc32/v3.01/bin/bin/../../lib/gcc/pic32mx/8.3.1/../../../../pic32mx/lib/libpic32.a(default-bootstrap-exception-handler.o)
 .debug_frame   0x00000000000013b4       0x20 /Applications/microchip/xc32/v3.01/bin/bin/../../lib/gcc/pic32mx/8.3.1/../../../../pic32mx/lib/libpic32.a(default-on-reset.o)
 .debug_frame   0x00000000000013d4       0x20 /Applications/microchip/xc32/v3.01/bin/bin/../../lib/gcc/pic32mx/8.3.1/../../../../pic32mx/lib/libpic32.a(default-on-bootstrap.o)
 .debug_frame   0x00000000000013f4       0x2c /Applications/microchip/xc32/v3.01/bin/bin/../../lib/gcc/pic32mx/8.3.1/../../../../pic32mx/lib/libpic32.a(default-general-exception-handler.o)
 .debug_frame   0x0000000000001420       0x20 /Applications/microchip/xc32/v3.01/bin/bin/../../lib/gcc/pic32mx/8.3.1/../../../../pic32mx/lib/libpic32.a(defaultinterrupt.o)
 .debug_frame   0x0000000000001440       0x20 /Applications/microchip/xc32/v3.01/bin/bin/../../lib/gcc/pic32mx/8.3.1/libgcc.a(_udivdi3.o)
 .debug_frame   0x0000000000001460       0x20 /Applications/microchip/xc32/v3.01/bin/bin/../../lib/gcc/pic32mx/8.3.1/libgcc.a(_umoddi3.o)
 .debug_frame   0x0000000000001480       0x38 /Applications/microchip/xc32/v3.01/bin/bin/../../lib/gcc/pic32mx/8.3.1/../../../../pic32mx/lib/libpic32.a(_mon_write.o)

.debug_str      0x0000000000000000    0x306fa
 *(.debug_str)
 .debug_str     0x0000000000000000     0x399e build/default/production/TemplateES_Main.o
 .debug_str     0x000000000000399e      0x460 build/default/production/TemplateEventChecker.o
 .debug_str     0x0000000000003dfe      0x625 build/default/production/TemplateFSM.o
 .debug_str     0x0000000000004423      0x4ea build/default/production/TemplateHSM.o
 .debug_str     0x000000000000490d      0x608 build/default/production/TemplateService.o
 .debug_str     0x0000000000004f15      0x4ef build/default/production/TemplateSubHSM.o
 .debug_str     0x0000000000005404     0x3a93 build/default/production/AD.o
 .debug_str     0x0000000000008e97     0x37de build/default/production/BOARD.o
 .debug_str     0x000000000000c675      0x343 build/default/production/ES_CheckEvents.o
 .debug_str     0x000000000000c9b8      0x6f2 build/default/production/ES_Framework.o
 .debug_str     0x000000000000d0aa      0x5f1 build/default/production/ES_KeyboardInput.o
 .debug_str     0x000000000000d69b      0x2d4 build/default/production/ES_PostList.o
 .debug_str     0x000000000000d96f      0x4af build/default/production/ES_Queue.o
 .debug_str     0x000000000000de1e     0x3b01 build/default/production/ES_TattleTale.o
 .debug_str     0x000000000001191f     0x3a22 build/default/production/ES_Timers.o
 .debug_str     0x0000000000015341     0x39b2 build/default/production/IO_Ports.o
 .debug_str     0x0000000000018cf3     0x3900 build/default/production/LED.o
 .debug_str     0x000000000001c5f3     0x3a2d build/default/production/pwm.o
 .debug_str     0x0000000000020020     0x3951 build/default/production/RC_Servo.o
 .debug_str     0x0000000000023971     0x394a build/default/production/roach.o
 .debug_str     0x00000000000272bb     0x38ec build/default/production/serial.o
 .debug_str     0x000000000002aba7     0x38be build/default/production/timers.o
 .debug_str     0x000000000002e465      0x31c /Applications/microchip/xc32/v3.01/bin/bin/../../lib/gcc/pic32mx/8.3.1/libgcc.a(floatunsisf.o)
 .debug_str     0x000000000002e781      0x3b3 /Applications/microchip/xc32/v3.01/bin/bin/../../lib/gcc/pic32mx/8.3.1/../../../../pic32mx/lib/libpic32.a(default-bootstrap-exception-handler.o)
 .debug_str     0x000000000002eb34      0x38d /Applications/microchip/xc32/v3.01/bin/bin/../../lib/gcc/pic32mx/8.3.1/../../../../pic32mx/lib/libpic32.a(default-on-reset.o)
 .debug_str     0x000000000002eec1      0x395 /Applications/microchip/xc32/v3.01/bin/bin/../../lib/gcc/pic32mx/8.3.1/../../../../pic32mx/lib/libpic32.a(default-on-bootstrap.o)
 .debug_str     0x000000000002f256      0x3af /Applications/microchip/xc32/v3.01/bin/bin/../../lib/gcc/pic32mx/8.3.1/../../../../pic32mx/lib/libpic32.a(default-general-exception-handler.o)
 .debug_str     0x000000000002f605      0x3a7 /Applications/microchip/xc32/v3.01/bin/bin/../../lib/gcc/pic32mx/8.3.1/../../../../pic32mx/lib/libpic32.a(defaultinterrupt.o)
 .debug_str     0x000000000002f9ac      0x4e3 /Applications/microchip/xc32/v3.01/bin/bin/../../lib/gcc/pic32mx/8.3.1/libgcc.a(_udivdi3.o)
 .debug_str     0x000000000002fe8f      0x4e3 /Applications/microchip/xc32/v3.01/bin/bin/../../lib/gcc/pic32mx/8.3.1/libgcc.a(_umoddi3.o)
 .debug_str     0x0000000000030372      0x388 /Applications/microchip/xc32/v3.01/bin/bin/../../lib/gcc/pic32mx/8.3.1/../../../../pic32mx/lib/libpic32.a(_mon_write.o)

.debug_loc      0x0000000000000000     0x15cc
 *(.debug_loc)
 .debug_loc     0x0000000000000000       0x84 /Applications/microchip/xc32/v3.01/bin/bin/../../lib/gcc/pic32mx/8.3.1/libgcc.a(floatunsisf.o)
 .debug_loc     0x0000000000000084       0x2c /Applications/microchip/xc32/v3.01/bin/bin/../../lib/gcc/pic32mx/8.3.1/../../../../pic32mx/lib/libpic32.a(default-bootstrap-exception-handler.o)
 .debug_loc     0x00000000000000b0       0x2c /Applications/microchip/xc32/v3.01/bin/bin/../../lib/gcc/pic32mx/8.3.1/../../../../pic32mx/lib/libpic32.a(default-general-exception-handler.o)
 .debug_loc     0x00000000000000dc      0xb5b /Applications/microchip/xc32/v3.01/bin/bin/../../lib/gcc/pic32mx/8.3.1/libgcc.a(_udivdi3.o)
 .debug_loc     0x0000000000000c37      0x969 /Applications/microchip/xc32/v3.01/bin/bin/../../lib/gcc/pic32mx/8.3.1/libgcc.a(_umoddi3.o)
 .debug_loc     0x00000000000015a0       0x2c /Applications/microchip/xc32/v3.01/bin/bin/../../lib/gcc/pic32mx/8.3.1/../../../../pic32mx/lib/libpic32.a(_mon_write.o)

.debug_macinfo
 *(.debug_macinfo)

.debug_weaknames
 *(.debug_weaknames)

.debug_funcnames
 *(.debug_funcnames)

.debug_typenames
 *(.debug_typenames)

.debug_varnames
 *(.debug_varnames)

.debug_pubtypes
 *(.debug_pubtypes)

.debug_ranges   0x0000000000000000      0x1d0
 *(.debug_ranges)
 .debug_ranges  0x0000000000000000       0x10 /Applications/microchip/xc32/v3.01/bin/bin/../../lib/gcc/pic32mx/8.3.1/../../../../pic32mx/lib/libpic32.a(default-bootstrap-exception-handler.o)
 .debug_ranges  0x0000000000000010       0x10 /Applications/microchip/xc32/v3.01/bin/bin/../../lib/gcc/pic32mx/8.3.1/../../../../pic32mx/lib/libpic32.a(default-on-reset.o)
 .debug_ranges  0x0000000000000020       0x10 /Applications/microchip/xc32/v3.01/bin/bin/../../lib/gcc/pic32mx/8.3.1/../../../../pic32mx/lib/libpic32.a(default-on-bootstrap.o)
 .debug_ranges  0x0000000000000030       0x10 /Applications/microchip/xc32/v3.01/bin/bin/../../lib/gcc/pic32mx/8.3.1/../../../../pic32mx/lib/libpic32.a(default-general-exception-handler.o)
 .debug_ranges  0x0000000000000040       0x10 /Applications/microchip/xc32/v3.01/bin/bin/../../lib/gcc/pic32mx/8.3.1/../../../../pic32mx/lib/libpic32.a(defaultinterrupt.o)
 .debug_ranges  0x0000000000000050       0xd0 /Applications/microchip/xc32/v3.01/bin/bin/../../lib/gcc/pic32mx/8.3.1/libgcc.a(_udivdi3.o)
 .debug_ranges  0x0000000000000120       0xa0 /Applications/microchip/xc32/v3.01/bin/bin/../../lib/gcc/pic32mx/8.3.1/libgcc.a(_umoddi3.o)
 .debug_ranges  0x00000000000001c0       0x10 /Applications/microchip/xc32/v3.01/bin/bin/../../lib/gcc/pic32mx/8.3.1/../../../../pic32mx/lib/libpic32.a(_mon_write.o)

.gnu.attributes
                0x0000000000000000       0x10
 *(.gnu.attributes)
 .gnu.attributes
                0x0000000000000000       0x10 /Applications/microchip/xc32/v3.01/bin/bin/../../lib/gcc/pic32mx/8.3.1/../../../../pic32mx/lib/debug-exception-return.o
 .gnu.attributes
                0x0000000000000010       0x10 build/default/production/TemplateES_Main.o
 .gnu.attributes
                0x0000000000000020       0x10 build/default/production/TemplateEventChecker.o
 .gnu.attributes
                0x0000000000000030       0x10 build/default/production/TemplateFSM.o
 .gnu.attributes
                0x0000000000000040       0x10 build/default/production/TemplateHSM.o
 .gnu.attributes
                0x0000000000000050       0x10 build/default/production/TemplateService.o
 .gnu.attributes
                0x0000000000000060       0x10 build/default/production/TemplateSubHSM.o
 .gnu.attributes
                0x0000000000000070       0x10 build/default/production/AD.o
 .gnu.attributes
                0x0000000000000080       0x10 build/default/production/BOARD.o
 .gnu.attributes
                0x0000000000000090       0x10 build/default/production/ES_CheckEvents.o
 .gnu.attributes
                0x00000000000000a0       0x10 build/default/production/ES_Framework.o
 .gnu.attributes
                0x00000000000000b0       0x10 build/default/production/ES_KeyboardInput.o
 .gnu.attributes
                0x00000000000000c0       0x10 build/default/production/ES_PostList.o
 .gnu.attributes
                0x00000000000000d0       0x10 build/default/production/ES_Queue.o
 .gnu.attributes
                0x00000000000000e0       0x10 build/default/production/ES_TattleTale.o
 .gnu.attributes
                0x00000000000000f0       0x10 build/default/production/ES_Timers.o
 .gnu.attributes
                0x0000000000000100       0x10 build/default/production/IO_Ports.o
 .gnu.attributes
                0x0000000000000110       0x10 build/default/production/LED.o
 .gnu.attributes
                0x0000000000000120       0x10 build/default/production/pwm.o
 .gnu.attributes
                0x0000000000000130       0x10 build/default/production/RC_Servo.o
 .gnu.attributes
                0x0000000000000140       0x10 build/default/production/roach.o
 .gnu.attributes
                0x0000000000000150       0x10 build/default/production/serial.o
 .gnu.attributes
                0x0000000000000160       0x10 build/default/production/timers.o
 .gnu.attributes
                0x0000000000000170       0x10 /var/folders/37/023rk5zd0csb77b7kn9ljttm0000gq/T//ccfLbQt4.o
 .gnu.attributes
                0x0000000000000180       0x10 /var/folders/37/023rk5zd0csb77b7kn9ljttm0000gq/T//ccxrCCno.o
 .gnu.attributes
                0x0000000000000190       0x10 /var/folders/37/023rk5zd0csb77b7kn9ljttm0000gq/T//cc42DP4Q.o
 .gnu.attributes
                0x00000000000001a0       0x10 /Applications/microchip/xc32/v3.01/bin/bin/../../lib/gcc/pic32mx/8.3.1/../../../../pic32mx/lib/pic32_software_reset.o
 .gnu.attributes
                0x00000000000001b0       0x10 /Applications/microchip/xc32/v3.01/bin/bin/../../lib/gcc/pic32mx/8.3.1/libgcc.a(floatunsisf.o)
 .gnu.attributes
                0x00000000000001c0       0x10 /Applications/microchip/xc32/v3.01/bin/bin/../../lib/gcc/pic32mx/8.3.1/../../../../pic32mx/lib/libpic32.a(default-bootstrap-exception-handler.o)
 .gnu.attributes
                0x00000000000001d0       0x10 /Applications/microchip/xc32/v3.01/bin/bin/../../lib/gcc/pic32mx/8.3.1/../../../../pic32mx/lib/libpic32.a(default-on-reset.o)
 .gnu.attributes
                0x00000000000001e0       0x10 /Applications/microchip/xc32/v3.01/bin/bin/../../lib/gcc/pic32mx/8.3.1/../../../../pic32mx/lib/libpic32.a(default-on-bootstrap.o)
 .gnu.attributes
                0x00000000000001f0       0x10 /Applications/microchip/xc32/v3.01/bin/bin/../../lib/gcc/pic32mx/8.3.1/../../../../pic32mx/lib/libpic32.a(default-nmi-handler.o)
 .gnu.attributes
                0x0000000000000200       0x10 /Applications/microchip/xc32/v3.01/bin/bin/../../lib/gcc/pic32mx/8.3.1/../../../../pic32mx/lib/libpic32.a(pic32_data_init.o)
 .gnu.attributes
                0x0000000000000210       0x10 /Applications/microchip/xc32/v3.01/bin/bin/../../lib/gcc/pic32mx/8.3.1/../../../../pic32mx/lib/libpic32.a(general-exception.o)
 .gnu.attributes
                0x0000000000000220       0x10 /Applications/microchip/xc32/v3.01/bin/bin/../../lib/gcc/pic32mx/8.3.1/../../../../pic32mx/lib/libpic32.a(vector0.o)
 .gnu.attributes
                0x0000000000000230       0x10 /Applications/microchip/xc32/v3.01/bin/bin/../../lib/gcc/pic32mx/8.3.1/../../../../pic32mx/lib/libpic32.a(vector1.o)
 .gnu.attributes
                0x0000000000000240       0x10 /Applications/microchip/xc32/v3.01/bin/bin/../../lib/gcc/pic32mx/8.3.1/../../../../pic32mx/lib/libpic32.a(vector2.o)
 .gnu.attributes
                0x0000000000000250       0x10 /Applications/microchip/xc32/v3.01/bin/bin/../../lib/gcc/pic32mx/8.3.1/../../../../pic32mx/lib/libpic32.a(vector3.o)
 .gnu.attributes
                0x0000000000000260       0x10 /Applications/microchip/xc32/v3.01/bin/bin/../../lib/gcc/pic32mx/8.3.1/../../../../pic32mx/lib/libpic32.a(vector5.o)
 .gnu.attributes
                0x0000000000000270       0x10 /Applications/microchip/xc32/v3.01/bin/bin/../../lib/gcc/pic32mx/8.3.1/../../../../pic32mx/lib/libpic32.a(vector6.o)
 .gnu.attributes
                0x0000000000000280       0x10 /Applications/microchip/xc32/v3.01/bin/bin/../../lib/gcc/pic32mx/8.3.1/../../../../pic32mx/lib/libpic32.a(vector7.o)
 .gnu.attributes
                0x0000000000000290       0x10 /Applications/microchip/xc32/v3.01/bin/bin/../../lib/gcc/pic32mx/8.3.1/../../../../pic32mx/lib/libpic32.a(vector8.o)
 .gnu.attributes
                0x00000000000002a0       0x10 /Applications/microchip/xc32/v3.01/bin/bin/../../lib/gcc/pic32mx/8.3.1/../../../../pic32mx/lib/libpic32.a(vector9.o)
 .gnu.attributes
                0x00000000000002b0       0x10 /Applications/microchip/xc32/v3.01/bin/bin/../../lib/gcc/pic32mx/8.3.1/../../../../pic32mx/lib/libpic32.a(vector10.o)
 .gnu.attributes
                0x00000000000002c0       0x10 /Applications/microchip/xc32/v3.01/bin/bin/../../lib/gcc/pic32mx/8.3.1/../../../../pic32mx/lib/libpic32.a(vector11.o)
 .gnu.attributes
                0x00000000000002d0       0x10 /Applications/microchip/xc32/v3.01/bin/bin/../../lib/gcc/pic32mx/8.3.1/../../../../pic32mx/lib/libpic32.a(vector12.o)
 .gnu.attributes
                0x00000000000002e0       0x10 /Applications/microchip/xc32/v3.01/bin/bin/../../lib/gcc/pic32mx/8.3.1/../../../../pic32mx/lib/libpic32.a(vector13.o)
 .gnu.attributes
                0x00000000000002f0       0x10 /Applications/microchip/xc32/v3.01/bin/bin/../../lib/gcc/pic32mx/8.3.1/../../../../pic32mx/lib/libpic32.a(vector14.o)
 .gnu.attributes
                0x0000000000000300       0x10 /Applications/microchip/xc32/v3.01/bin/bin/../../lib/gcc/pic32mx/8.3.1/../../../../pic32mx/lib/libpic32.a(vector15.o)
 .gnu.attributes
                0x0000000000000310       0x10 /Applications/microchip/xc32/v3.01/bin/bin/../../lib/gcc/pic32mx/8.3.1/../../../../pic32mx/lib/libpic32.a(vector17.o)
 .gnu.attributes
                0x0000000000000320       0x10 /Applications/microchip/xc32/v3.01/bin/bin/../../lib/gcc/pic32mx/8.3.1/../../../../pic32mx/lib/libpic32.a(vector18.o)
 .gnu.attributes
                0x0000000000000330       0x10 /Applications/microchip/xc32/v3.01/bin/bin/../../lib/gcc/pic32mx/8.3.1/../../../../pic32mx/lib/libpic32.a(vector19.o)
 .gnu.attributes
                0x0000000000000340       0x10 /Applications/microchip/xc32/v3.01/bin/bin/../../lib/gcc/pic32mx/8.3.1/../../../../pic32mx/lib/libpic32.a(vector21.o)
 .gnu.attributes
                0x0000000000000350       0x10 /Applications/microchip/xc32/v3.01/bin/bin/../../lib/gcc/pic32mx/8.3.1/../../../../pic32mx/lib/libpic32.a(vector22.o)
 .gnu.attributes
                0x0000000000000360       0x10 /Applications/microchip/xc32/v3.01/bin/bin/../../lib/gcc/pic32mx/8.3.1/../../../../pic32mx/lib/libpic32.a(vector23.o)
 .gnu.attributes
                0x0000000000000370       0x10 /Applications/microchip/xc32/v3.01/bin/bin/../../lib/gcc/pic32mx/8.3.1/../../../../pic32mx/lib/libpic32.a(vector25.o)
 .gnu.attributes
                0x0000000000000380       0x10 /Applications/microchip/xc32/v3.01/bin/bin/../../lib/gcc/pic32mx/8.3.1/../../../../pic32mx/lib/libpic32.a(vector26.o)
 .gnu.attributes
                0x0000000000000390       0x10 /Applications/microchip/xc32/v3.01/bin/bin/../../lib/gcc/pic32mx/8.3.1/../../../../pic32mx/lib/libpic32.a(vector28.o)
 .gnu.attributes
                0x00000000000003a0       0x10 /Applications/microchip/xc32/v3.01/bin/bin/../../lib/gcc/pic32mx/8.3.1/../../../../pic32mx/lib/libpic32.a(vector29.o)
 .gnu.attributes
                0x00000000000003b0       0x10 /Applications/microchip/xc32/v3.01/bin/bin/../../lib/gcc/pic32mx/8.3.1/../../../../pic32mx/lib/libpic32.a(vector30.o)
 .gnu.attributes
                0x00000000000003c0       0x10 /Applications/microchip/xc32/v3.01/bin/bin/../../lib/gcc/pic32mx/8.3.1/../../../../pic32mx/lib/libpic32.a(vector31.o)
 .gnu.attributes
                0x00000000000003d0       0x10 /Applications/microchip/xc32/v3.01/bin/bin/../../lib/gcc/pic32mx/8.3.1/../../../../pic32mx/lib/libpic32.a(vector32.o)
 .gnu.attributes
                0x00000000000003e0       0x10 /Applications/microchip/xc32/v3.01/bin/bin/../../lib/gcc/pic32mx/8.3.1/../../../../pic32mx/lib/libpic32.a(vector33.o)
 .gnu.attributes
                0x00000000000003f0       0x10 /Applications/microchip/xc32/v3.01/bin/bin/../../lib/gcc/pic32mx/8.3.1/../../../../pic32mx/lib/libpic32.a(vector34.o)
 .gnu.attributes
                0x0000000000000400       0x10 /Applications/microchip/xc32/v3.01/bin/bin/../../lib/gcc/pic32mx/8.3.1/../../../../pic32mx/lib/libpic32.a(vector35.o)
 .gnu.attributes
                0x0000000000000410       0x10 /Applications/microchip/xc32/v3.01/bin/bin/../../lib/gcc/pic32mx/8.3.1/../../../../pic32mx/lib/libpic32.a(vector36.o)
 .gnu.attributes
                0x0000000000000420       0x10 /Applications/microchip/xc32/v3.01/bin/bin/../../lib/gcc/pic32mx/8.3.1/../../../../pic32mx/lib/libpic32.a(vector37.o)
 .gnu.attributes
                0x0000000000000430       0x10 /Applications/microchip/xc32/v3.01/bin/bin/../../lib/gcc/pic32mx/8.3.1/../../../../pic32mx/lib/libpic32.a(vector38.o)
 .gnu.attributes
                0x0000000000000440       0x10 /Applications/microchip/xc32/v3.01/bin/bin/../../lib/gcc/pic32mx/8.3.1/../../../../pic32mx/lib/libpic32.a(vector39.o)
 .gnu.attributes
                0x0000000000000450       0x10 /Applications/microchip/xc32/v3.01/bin/bin/../../lib/gcc/pic32mx/8.3.1/../../../../pic32mx/lib/libpic32.a(vector40.o)
 .gnu.attributes
                0x0000000000000460       0x10 /Applications/microchip/xc32/v3.01/bin/bin/../../lib/gcc/pic32mx/8.3.1/../../../../pic32mx/lib/libpic32.a(vector41.o)
 .gnu.attributes
                0x0000000000000470       0x10 /Applications/microchip/xc32/v3.01/bin/bin/../../lib/gcc/pic32mx/8.3.1/../../../../pic32mx/lib/libpic32.a(vector42.o)
 .gnu.attributes
                0x0000000000000480       0x10 /Applications/microchip/xc32/v3.01/bin/bin/../../lib/gcc/pic32mx/8.3.1/../../../../pic32mx/lib/libpic32.a(vector43.o)
 .gnu.attributes
                0x0000000000000490       0x10 /Applications/microchip/xc32/v3.01/bin/bin/../../lib/gcc/pic32mx/8.3.1/../../../../pic32mx/lib/libpic32.a(vector44.o)
 .gnu.attributes
                0x00000000000004a0       0x10 /Applications/microchip/xc32/v3.01/bin/bin/../../lib/gcc/pic32mx/8.3.1/../../../../pic32mx/lib/libpic32.a(default-general-exception-handler.o)
 .gnu.attributes
                0x00000000000004b0       0x10 /Applications/microchip/xc32/v3.01/bin/bin/../../lib/gcc/pic32mx/8.3.1/../../../../pic32mx/lib/libpic32.a(defaultinterrupt.o)
 .gnu.attributes
                0x00000000000004c0       0x10 /Applications/microchip/xc32/v3.01/bin/bin/../../lib/gcc/pic32mx/8.3.1/../../../../pic32mx/lib/liblega-c.a(fputc.o)
 .gnu.attributes
                0x00000000000004d0       0x10 /Applications/microchip/xc32/v3.01/bin/bin/../../lib/gcc/pic32mx/8.3.1/../../../../pic32mx/lib/liblega-c.a(fputs.o)
 .gnu.attributes
                0x00000000000004e0       0x10 /Applications/microchip/xc32/v3.01/bin/bin/../../lib/gcc/pic32mx/8.3.1/../../../../pic32mx/lib/liblega-c.a(printf_cdnopsuxX.eo)
 .gnu.attributes
                0x00000000000004f0       0x10 /Applications/microchip/xc32/v3.01/bin/bin/../../lib/gcc/pic32mx/8.3.1/../../../../pic32mx/lib/liblega-c.a(printf_cdnopuxX.eo)
 .gnu.attributes
                0x0000000000000500       0x10 /Applications/microchip/xc32/v3.01/bin/bin/../../lib/gcc/pic32mx/8.3.1/../../../../pic32mx/lib/liblega-c.a(strlen.o)
 .gnu.attributes
                0x0000000000000510       0x10 /Applications/microchip/xc32/v3.01/bin/bin/../../lib/gcc/pic32mx/8.3.1/../../../../pic32mx/lib/liblega-c.a(_doprnt_cdnopsuxX.eo)
 .gnu.attributes
                0x0000000000000520       0x10 /Applications/microchip/xc32/v3.01/bin/bin/../../lib/gcc/pic32mx/8.3.1/../../../../pic32mx/lib/liblega-c.a(_doprnt_cdnopuxX.eo)
 .gnu.attributes
                0x0000000000000530       0x10 /Applications/microchip/xc32/v3.01/bin/bin/../../lib/gcc/pic32mx/8.3.1/../../../../pic32mx/lib/liblega-c.a(_iobdata.o)
 .gnu.attributes
                0x0000000000000540       0x10 /Applications/microchip/xc32/v3.01/bin/bin/../../lib/gcc/pic32mx/8.3.1/../../../../pic32mx/lib/liblega-c.a(_iobfuncs.o)
 .gnu.attributes
                0x0000000000000550       0x10 /Applications/microchip/xc32/v3.01/bin/bin/../../lib/gcc/pic32mx/8.3.1/../../../../pic32mx/lib/liblega-c.a(errno.o)
 .gnu.attributes
                0x0000000000000560       0x10 /Applications/microchip/xc32/v3.01/bin/bin/../../lib/gcc/pic32mx/8.3.1/../../../../pic32mx/lib/libm.a(fp32subadd.o)
 .gnu.attributes
                0x0000000000000570       0x10 /Applications/microchip/xc32/v3.01/bin/bin/../../lib/gcc/pic32mx/8.3.1/../../../../pic32mx/lib/libm.a(fptoul.o)
 .gnu.attributes
                0x0000000000000580       0x10 /Applications/microchip/xc32/v3.01/bin/bin/../../lib/gcc/pic32mx/8.3.1/../../../../pic32mx/lib/libm.a(sitofp.o)
 .gnu.attributes
                0x0000000000000590       0x10 /Applications/microchip/xc32/v3.01/bin/bin/../../lib/gcc/pic32mx/8.3.1/libgcc.a(_udivdi3.o)
 .gnu.attributes
                0x00000000000005a0       0x10 /Applications/microchip/xc32/v3.01/bin/bin/../../lib/gcc/pic32mx/8.3.1/libgcc.a(_umoddi3.o)
 .gnu.attributes
                0x00000000000005b0       0x10 /Applications/microchip/xc32/v3.01/bin/bin/../../lib/gcc/pic32mx/8.3.1/../../../../pic32mx/lib/libpic32.a(_mon_write.o)
LOAD /var/folders/37/023rk5zd0csb77b7kn9ljttm0000gq/T//ccfLbQt4.o
LOAD /var/folders/37/023rk5zd0csb77b7kn9ljttm0000gq/T//ccxrCCno.o
LOAD /var/folders/37/023rk5zd0csb77b7kn9ljttm0000gq/T//cc42DP4Q.o
LOAD /Applications/microchip/xc32/v3.01/bin/bin/../../lib/gcc/pic32mx/8.3.1/../../../../pic32mx/lib/pic32_software_reset.o
LOAD /Applications/microchip/xc32/v3.01/bin/bin/../../lib/gcc/pic32mx/8.3.1/libgcc.a
START GROUP
LOAD /Applications/microchip/xc32/v3.01/bin/bin/../../lib/gcc/pic32mx/8.3.1/../../../../pic32mx/lib/libpic32.a
LOAD /Applications/microchip/xc32/v3.01/bin/bin/../../lib/gcc/pic32mx/8.3.1/../../../../pic32mx/lib/libdebug.a
LOAD /Applications/microchip/xc32/v3.01/bin/bin/../../lib/gcc/pic32mx/8.3.1/../../../../pic32mx/lib/liblega-c.a
LOAD /Applications/microchip/xc32/v3.01/bin/bin/../../lib/gcc/pic32mx/8.3.1/../../../../pic32mx/lib/libm.a
LOAD /Applications/microchip/xc32/v3.01/bin/bin/../../lib/gcc/pic32mx/8.3.1/../../../../pic32mx/lib/libe.a
LOAD /Applications/microchip/xc32/v3.01/bin/bin/../../lib/gcc/pic32mx/8.3.1/../../../../pic32mx/lib/libdsp.a
LOAD /Applications/microchip/xc32/v3.01/bin/bin/../../lib/gcc/pic32mx/8.3.1/libgcc.a
LOAD /Applications/microchip/xc32/v3.01/bin/bin/../../lib/gcc/pic32mx/8.3.1/../../../../pic32mx/lib/libpic32.a
END GROUP
LOAD /Applications/microchip/xc32/v3.01/bin/bin/../../lib/gcc/pic32mx/8.3.1/libgcc.a
OUTPUT(dist/default/production/RoachHSM.X.production.elf elf32-tradlittlemips)
LOAD stack
LOAD data_init

.reginfo        0x0000000000000000       0x18
 .reginfo       0x0000000000000000       0x18 /Applications/microchip/xc32/v3.01/bin/bin/../../lib/gcc/pic32mx/8.3.1/../../../../pic32mx/lib/debug-exception-return.o

.stack          0x00000000a0000dd0      0x400
 .stack         0x00000000a0000dd0      0x400 stack

.bss            0x00000000a00000f4      0x658
 .bss           0x00000000a00000f4      0x400 build/default/production/serial.o
 .bss           0x00000000a00004f4      0x258 build/default/production/ES_TattleTale.o

.data           0x00000000a000074c      0x17c
 .data          0x00000000a000074c       0xd4 /Applications/microchip/xc32/v3.01/bin/bin/../../lib/gcc/pic32mx/8.3.1/../../../../pic32mx/lib/liblega-c.a(_iobdata.o)
 .data          0x00000000a0000820       0xa8 build/default/production/AD.o

.bss            0x00000000a00008c8       0xf8
 .bss           0x00000000a00008c8       0x88 /Applications/microchip/xc32/v3.01/bin/bin/../../lib/gcc/pic32mx/8.3.1/../../../../pic32mx/lib/liblega-c.a(_iobdata.o)
 .bss           0x00000000a0000950       0x70 build/default/production/AD.o

.bss            0x00000000a00009c0       0x90
 .bss           0x00000000a00009c0       0x50 build/default/production/ES_Framework.o
 .bss           0x00000000a0000a10       0x40 build/default/production/ES_Timers.o

.bss            0x00000000a0000a50       0x40
 .bss           0x00000000a0000a50       0x40 build/default/production/timers.o

.data           0x00000000a0000a90       0x68
 .data          0x00000000a0000a90       0x34 build/default/production/TemplateES_Main.o
 .data          0x00000000a0000ac4       0x34 build/default/production/TemplateEventChecker.o

.data           0x00000000a0000af8       0x68
 .data          0x00000000a0000af8       0x34 build/default/production/TemplateFSM.o
 .data          0x00000000a0000b2c       0x34 build/default/production/TemplateHSM.o

.data           0x00000000a0000b60       0x68
 .data          0x00000000a0000b60       0x34 build/default/production/TemplateService.o
 .data          0x00000000a0000b94       0x34 build/default/production/TemplateSubHSM.o

.data           0x00000000a0000bc8       0x68
 .data          0x00000000a0000bc8       0x34 build/default/production/ES_CheckEvents.o
 .data          0x00000000a0000bfc       0x34 build/default/production/ES_Framework.o

.data           0x00000000a0000c30       0x68
 .data          0x00000000a0000c30       0x34 build/default/production/ES_KeyboardInput.o
 .data          0x00000000a0000c64       0x34 build/default/production/ES_PostList.o

.data           0x00000000a0000c98       0x68
 .data          0x00000000a0000c98       0x34 build/default/production/ES_Queue.o
 .data          0x00000000a0000ccc       0x34 build/default/production/ES_TattleTale.o

.data           0x00000000a0000d00       0x4c
 .data          0x00000000a0000d00       0x34 build/default/production/ES_Timers.o
 .data          0x00000000a0000d34       0x18 build/default/production/LED.o

.data           0x00000000a0000d4c       0x18
 .data          0x00000000a0000d4c       0x18 build/default/production/roach.o

.bss            0x00000000a0000d64       0x14
 .bss           0x00000000a0000d64       0x14 build/default/production/ES_KeyboardInput.o

.data           0x00000000a0000d78       0x14
 .data          0x00000000a0000d78       0x14 build/default/production/RC_Servo.o

.bss            0x00000000a0000d8c       0x14
 .bss           0x00000000a0000d8c       0x14 build/default/production/RC_Servo.o

.bss%z1         0x0000000000000000        0x0
 .bss           0x0000000000000000        0x0 /Applications/microchip/xc32/v3.01/bin/bin/../../lib/gcc/pic32mx/8.3.1/../../../../pic32mx/lib/libpic32.a(_mon_write.o)

.data%z2        0x0000000000000000        0x0
 .data          0x0000000000000000        0x0 /Applications/microchip/xc32/v3.01/bin/bin/../../lib/gcc/pic32mx/8.3.1/../../../../pic32mx/lib/libpic32.a(_mon_write.o)

.bss%z3         0x0000000000000000        0x0
 .bss           0x0000000000000000        0x0 /Applications/microchip/xc32/v3.01/bin/bin/../../lib/gcc/pic32mx/8.3.1/libgcc.a(_umoddi3.o)

.data%z4        0x0000000000000000        0x0
 .data          0x0000000000000000        0x0 /Applications/microchip/xc32/v3.01/bin/bin/../../lib/gcc/pic32mx/8.3.1/libgcc.a(_umoddi3.o)

.bss%z5         0x0000000000000000        0x0
 .bss           0x0000000000000000        0x0 /Applications/microchip/xc32/v3.01/bin/bin/../../lib/gcc/pic32mx/8.3.1/libgcc.a(_udivdi3.o)

.data%z6        0x0000000000000000        0x0
 .data          0x0000000000000000        0x0 /Applications/microchip/xc32/v3.01/bin/bin/../../lib/gcc/pic32mx/8.3.1/libgcc.a(_udivdi3.o)

.bss%z7         0x0000000000000000        0x0
 .bss           0x0000000000000000        0x0 /Applications/microchip/xc32/v3.01/bin/bin/../../lib/gcc/pic32mx/8.3.1/../../../../pic32mx/lib/libm.a(sitofp.o)

.data%z8        0x0000000000000000        0x0
 .data          0x0000000000000000        0x0 /Applications/microchip/xc32/v3.01/bin/bin/../../lib/gcc/pic32mx/8.3.1/../../../../pic32mx/lib/libm.a(sitofp.o)

.bss%z9         0x0000000000000000        0x0
 .bss           0x0000000000000000        0x0 /Applications/microchip/xc32/v3.01/bin/bin/../../lib/gcc/pic32mx/8.3.1/../../../../pic32mx/lib/libm.a(fptoul.o)

.data%z10       0x0000000000000000        0x0
 .data          0x0000000000000000        0x0 /Applications/microchip/xc32/v3.01/bin/bin/../../lib/gcc/pic32mx/8.3.1/../../../../pic32mx/lib/libm.a(fptoul.o)

.bss%z11        0x0000000000000000        0x0
 .bss           0x0000000000000000        0x0 /Applications/microchip/xc32/v3.01/bin/bin/../../lib/gcc/pic32mx/8.3.1/../../../../pic32mx/lib/libm.a(fp32subadd.o)

.data%z12       0x0000000000000000        0x0